Component: ARM Compiler 5.05 update 1 (build 106) Tool: armlink [4d0efa]

==============================================================================

Section Cross References

    main.o(i.main) refers to misc.o(i.NVIC_PriorityGroupConfig) for NVIC_PriorityGroupConfig
    main.o(i.main) refers to can.o(i.CAN_Mode_Init) for CAN_Mode_Init
    main.o(i.main) refers to delay.o(i.delay_init) for delay_init
    main.o(i.main) refers to pid.o(i.init_pid_params) for init_pid_params
    main.o(i.main) refers to led.o(i.LED_Init) for LED_Init
    main.o(i.main) refers to remoter.o(i.Remoter_Uart_Init) for Remoter_Uart_Init
    main.o(i.main) refers to industry.o(i.Industry_Init) for Industry_Init
    main.o(i.main) refers to dms055a.o(i.DMS055A_Init) for DMS055A_Init
    main.o(i.main) refers to sonic.o(i.Sonic_Init) for Sonic_Init
    main.o(i.main) refers to timer.o(i.TIM7_Init) for TIM7_Init
    main.o(i.main) refers to delay.o(i.delay_ms) for delay_ms
    main.o(i.main) refers to pid.o(.bss) for g_speedPID
    system_stm32f10x.o(i.SetSysClock) refers to system_stm32f10x.o(i.SetSysClockTo72) for SetSysClockTo72
    system_stm32f10x.o(i.SystemCoreClockUpdate) refers to system_stm32f10x.o(.data) for SystemCoreClock
    system_stm32f10x.o(i.SystemInit) refers to system_stm32f10x.o(i.SetSysClock) for SetSysClock
    delay.o(i.delay_init) refers to misc.o(i.SysTick_CLKSourceConfig) for SysTick_CLKSourceConfig
    delay.o(i.delay_init) refers to system_stm32f10x.o(.data) for SystemCoreClock
    delay.o(i.delay_init) refers to delay.o(.data) for fac_us
    delay.o(i.delay_ms) refers to delay.o(.data) for fac_ms
    delay.o(i.delay_us) refers to delay.o(.data) for fac_us
    startup_stm32f10x_hd.o(STACK) refers (Special) to heapauxi.o(.text) for __use_two_region_memory
    startup_stm32f10x_hd.o(HEAP) refers (Special) to heapauxi.o(.text) for __use_two_region_memory
    startup_stm32f10x_hd.o(RESET) refers (Special) to heapauxi.o(.text) for __use_two_region_memory
    startup_stm32f10x_hd.o(RESET) refers to startup_stm32f10x_hd.o(STACK) for __initial_sp
    startup_stm32f10x_hd.o(RESET) refers to startup_stm32f10x_hd.o(.text) for Reset_Handler
    startup_stm32f10x_hd.o(RESET) refers to stm32f10x_it.o(i.NMI_Handler) for NMI_Handler
    startup_stm32f10x_hd.o(RESET) refers to stm32f10x_it.o(i.HardFault_Handler) for HardFault_Handler
    startup_stm32f10x_hd.o(RESET) refers to stm32f10x_it.o(i.MemManage_Handler) for MemManage_Handler
    startup_stm32f10x_hd.o(RESET) refers to stm32f10x_it.o(i.BusFault_Handler) for BusFault_Handler
    startup_stm32f10x_hd.o(RESET) refers to stm32f10x_it.o(i.UsageFault_Handler) for UsageFault_Handler
    startup_stm32f10x_hd.o(RESET) refers to stm32f10x_it.o(i.SVC_Handler) for SVC_Handler
    startup_stm32f10x_hd.o(RESET) refers to stm32f10x_it.o(i.DebugMon_Handler) for DebugMon_Handler
    startup_stm32f10x_hd.o(RESET) refers to stm32f10x_it.o(i.PendSV_Handler) for PendSV_Handler
    startup_stm32f10x_hd.o(RESET) refers to stm32f10x_it.o(i.SysTick_Handler) for SysTick_Handler
    startup_stm32f10x_hd.o(RESET) refers to adc.o(i.DMA1_Channel1_IRQHandler) for DMA1_Channel1_IRQHandler
    startup_stm32f10x_hd.o(RESET) refers to can.o(i.USB_LP_CAN1_RX0_IRQHandler) for USB_LP_CAN1_RX0_IRQHandler
    startup_stm32f10x_hd.o(RESET) refers to sonic.o(i.USART1_IRQHandler) for USART1_IRQHandler
    startup_stm32f10x_hd.o(RESET) refers to industry.o(i.USART2_IRQHandler) for USART2_IRQHandler
    startup_stm32f10x_hd.o(RESET) refers to sonic.o(i.USART3_IRQHandler) for USART3_IRQHandler
    startup_stm32f10x_hd.o(RESET) refers to dms055a.o(i.UART4_IRQHandler) for UART4_IRQHandler
    startup_stm32f10x_hd.o(RESET) refers to remoter.o(i.UART5_IRQHandler) for UART5_IRQHandler
    startup_stm32f10x_hd.o(RESET) refers to timer.o(i.TIM7_IRQHandler) for TIM7_IRQHandler
    startup_stm32f10x_hd.o(.text) refers (Special) to heapauxi.o(.text) for __use_two_region_memory
    startup_stm32f10x_hd.o(.text) refers to system_stm32f10x.o(i.SystemInit) for SystemInit
    startup_stm32f10x_hd.o(.text) refers to __main.o(!!!main) for __main
    startup_stm32f10x_hd.o(.text) refers to startup_stm32f10x_hd.o(HEAP) for Heap_Mem
    startup_stm32f10x_hd.o(.text) refers to startup_stm32f10x_hd.o(STACK) for Stack_Mem
    stm32f10x_adc.o(i.ADC_DeInit) refers to stm32f10x_rcc.o(i.RCC_APB2PeriphResetCmd) for RCC_APB2PeriphResetCmd
    stm32f10x_bkp.o(i.BKP_DeInit) refers to stm32f10x_rcc.o(i.RCC_BackupResetCmd) for RCC_BackupResetCmd
    stm32f10x_can.o(i.CAN_DeInit) refers to stm32f10x_rcc.o(i.RCC_APB1PeriphResetCmd) for RCC_APB1PeriphResetCmd
    stm32f10x_can.o(i.CAN_GetITStatus) refers to stm32f10x_can.o(i.CheckITStatus) for CheckITStatus
    stm32f10x_cec.o(i.CEC_DeInit) refers to stm32f10x_rcc.o(i.RCC_APB1PeriphResetCmd) for RCC_APB1PeriphResetCmd
    stm32f10x_dac.o(i.DAC_DeInit) refers to stm32f10x_rcc.o(i.RCC_APB1PeriphResetCmd) for RCC_APB1PeriphResetCmd
[...]
    ../fplib/ffixu.s                         0x00000000   Number         0  ffixu.o ABSOLUTE
    ../fplib/fflt.s                          0x00000000   Number         0  fflt_clz.o ABSOLUTE
    ../fplib/fleqf.s                         0x00000000   Number         0  fleqf.o ABSOLUTE
    ../fplib/fmul.s                          0x00000000   Number         0  fmul.o ABSOLUTE
    ../fplib/fnaninf.s                       0x00000000   Number         0  fnaninf.o ABSOLUTE
    ../fplib/fpinit.s                        0x00000000   Number         0  fpinit.o ABSOLUTE
    ../fplib/fretinf.s                       0x00000000   Number         0  fretinf.o ABSOLUTE
    ../fplib/frleqf.s                        0x00000000   Number         0  frleqf.o ABSOLUTE
    ../fplib/usenofp.s                       0x00000000   Number         0  usenofp.o ABSOLUTE
    ..\CORE\core_cm3.c                       0x00000000   Number         0  core_cm3.o ABSOLUTE
    ..\CORE\startup_stm32f10x_hd.s           0x00000000   Number         0  startup_stm32f10x_hd.o ABSOLUTE
    ..\HARDWARE\ADC\adc.c                    0x00000000   Number         0  adc.o ABSOLUTE
    ..\HARDWARE\CAN\can.c                    0x00000000   Number         0  can.o ABSOLUTE
    ..\HARDWARE\CLIENT\client.c              0x00000000   Number         0  client.o ABSOLUTE
    ..\HARDWARE\DMS055A\dms055a.c            0x00000000   Number         0  dms055a.o ABSOLUTE
    ..\HARDWARE\INDUSTRY\industry.c          0x00000000   Number         0  industry.o ABSOLUTE
    ..\HARDWARE\JY01\jy01.c                  0x00000000   Number         0  jy01.o ABSOLUTE
    ..\HARDWARE\KEY\key.c                    0x00000000   Number         0  key.o ABSOLUTE
    ..\HARDWARE\LED\led.c                    0x00000000   Number         0  led.o ABSOLUTE
    ..\HARDWARE\PID\pid.c                    0x00000000   Number         0  pid.o ABSOLUTE
    ..\HARDWARE\REMOTER\remoter.c            0x00000000   Number         0  remoter.o ABSOLUTE
    ..\HARDWARE\SONIC\sonic.c                0x00000000   Number         0  sonic.o ABSOLUTE
    ..\HARDWARE\TIMER\timer.c                0x00000000   Number         0  timer.o ABSOLUTE
    ..\HARDWARE\YQ\yq.c                      0x00000000   Number         0  yq.o ABSOLUTE
    ..\STM32F10x_FWLib\src\misc.c            0x00000000   Number         0  misc.o ABSOLUTE
    ..\STM32F10x_FWLib\src\stm32f10x_adc.c   0x00000000   Number         0  stm32f10x_adc.o ABSOLUTE
    ..\STM32F10x_FWLib\src\stm32f10x_bkp.c   0x00000000   Number         0  stm32f10x_bkp.o ABSOLUTE
    ..\STM32F10x_FWLib\src\stm32f10x_can.c   0x00000000   Number         0  stm32f10x_can.o ABSOLUTE
    ..\STM32F10x_FWLib\src\stm32f10x_cec.c   0x00000000   Number         0  stm32f10x_cec.o ABSOLUTE
    ..\STM32F10x_FWLib\src\stm32f10x_crc.c   0x00000000   Number         0  stm32f10x_crc.o ABSOLUTE
    ..\STM32F10x_FWLib\src\stm32f10x_dac.c   0x00000000   Number         0  stm32f10x_dac.o ABSOLUTE
    ..\STM32F10x_FWLib\src\stm32f10x_dbgmcu.c 0x00000000   Number         0  stm32f10x_dbgmcu.o ABSOLUTE
    ..\STM32F10x_FWLib\src\stm32f10x_dma.c   0x00000000   Number         0  stm32f10x_dma.o ABSOLUTE
    ..\STM32F10x_FWLib\src\stm32f10x_exti.c  0x00000000   Number         0  stm32f10x_exti.o ABSOLUTE
    ..\STM32F10x_FWLib\src\stm32f10x_flash.c 0x00000000   Number         0  stm32f10x_flash.o ABSOLUTE
    ..\STM32F10x_FWLib\src\stm32f10x_fsmc.c  0x00000000   Number         0  stm32f10x_fsmc.o ABSOLUTE
    ..\STM32F10x_FWLib\src\stm32f10x_gpio.c  0x00000000   Number         0  stm32f10x_gpio.o ABSOLUTE
    ..\STM32F10x_FWLib\src\stm32f10x_i2c.c   0x00000000   Number         0  stm32f10x_i2c.o ABSOLUTE
    ..\STM32F10x_FWLib\src\stm32f10x_iwdg.c  0x00000000   Number         0  stm32f10x_iwdg.o ABSOLUTE
    ..\STM32F10x_FWLib\src\stm32f10x_pwr.c   0x00000000   Number         0  stm32f10x_pwr.o ABSOLUTE
    ..\STM32F10x_FWLib\src\stm32f10x_rcc.c   0x00000000   Number         0  stm32f10x_rcc.o ABSOLUTE
    ..\STM32F10x_FWLib\src\stm32f10x_rtc.c   0x00000000   Number         0  stm32f10x_rtc.o ABSOLUTE
    ..\STM32F10x_FWLib\src\stm32f10x_sdio.c  0x00000000   Number         0  stm32f10x_sdio.o ABSOLUTE
    ..\STM32F10x_FWLib\src\stm32f10x_spi.c   0x00000000   Number         0  stm32f10x_spi.o ABSOLUTE
    ..\STM32F10x_FWLib\src\stm32f10x_tim.c   0x00000000   Number         0  stm32f10x_tim.o ABSOLUTE
    ..\STM32F10x_FWLib\src\stm32f10x_usart.c 0x00000000   Number         0  stm32f10x_usart.o ABSOLUTE
    ..\STM32F10x_FWLib\src\stm32f10x_wwdg.c  0x00000000   Number         0  stm32f10x_wwdg.o ABSOLUTE
    ..\SYSTEM\delay\delay.c                  0x00000000   Number         0  delay.o ABSOLUTE
    ..\SYSTEM\sys\sys.c                      0x00000000   Number         0  sys.o ABSOLUTE
    ..\\CORE\\core_cm3.c                     0x00000000   Number         0  core_cm3.o ABSOLUTE
    ..\\SYSTEM\\sys\\sys.c                   0x00000000   Number         0  sys.o ABSOLUTE
    dc.s                                     0x00000000   Number         0  dc.o ABSOLUTE
    main.c                                   0x00000000   Number         0  main.o ABSOLUTE
    stm32f10x_it.c                           0x00000000   Number         0  stm32f10x_it.o ABSOLUTE
    system_stm32f10x.c                       0x00000000   Number         0  system_stm32f10x.o ABSOLUTE
    RESET                                    0x08000000   Section      304  startup_stm32f10x_hd.o(RESET)
    !!!main                                  0x08000130   Section        8  __main.o(!!!main)
    !!!scatter                               0x08000138   Section       52  __scatter.o(!!!scatter)
    !!dclz77c                                0x0800016c   Section      100  __dclz77c.o(!!dclz77c)
    !!handler_zi                             0x080001d0   Section       28  __scatter_zi.o(!!handler_zi)
    .ARM.Collect$$libinit$$00000000          0x080001ec   Section        2  libinit.o(.ARM.Collect$$libinit$$00000000)
    .ARM.Collect$$libinit$$00000002          0x080001ee   Section        0  libinit2.o(.ARM.Collect$$libinit$$00000002)
    .ARM.Collect$$libinit$$00000004          0x080001ee   Section        0  libinit2.o(.ARM.Collect$$libinit$$00000004)
    .ARM.Collect$$libinit$$0000000A          0x080001ee   Section        0  libinit2.o(.ARM.Collect$$libinit$$0000000A)
    .ARM.Collect$$libinit$$0000000C          0x080001ee   Section        0  libinit2.o(.ARM.Collect$$libinit$$0000000C)
    .ARM.Collect$$libinit$$0000000E          0x080001ee   Section        0  libinit2.o(.ARM.Collect$$libinit$$0000000E)
    .ARM.Collect$$libinit$$00000011          0x080001ee   Section        0  libinit2.o(.ARM.Collect$$libinit$$00000011)
    .ARM.Collect$$libinit$$00000013          0x080001ee   Section        0  libinit2.o(.ARM.Collect$$libinit$$00000013)
    .ARM.Collect$$libinit$$00000015          0x080001ee   Section        0  libinit2.o(.ARM.Collect$$libinit$$00000015)
    .ARM.Collect$$libinit$$00000017          0x080001ee   Section        0  libinit2.o(.ARM.Collect$$libinit$$00000017)
    .ARM.Collect$$libinit$$00000019          0x080001ee   Section        0  libinit2.o(.ARM.Collect$$libinit$$00000019)
    .ARM.Collect$$libinit$$0000001B          0x080001ee   Section        0  libinit2.o(.ARM.Collect$$libinit$$0000001B)
    .ARM.Collect$$libinit$$0000001D          0x080001ee   Section        0  libinit2.o(.ARM.Collect$$libinit$$0000001D)
    .ARM.Collect$$libinit$$0000001F          0x080001ee   Section        0  libinit2.o(.ARM.Collect$$libinit$$0000001F)
    .ARM.Collect$$libinit$$00000021          0x080001ee   Section        0  libinit2.o(.ARM.Collect$$libinit$$00000021)
    .ARM.Collect$$libinit$$00000023          0x080001ee   Section        0  libinit2.o(.ARM.Collect$$libinit$$00000023)
    .ARM.Collect$$libinit$$00000025          0x080001ee   Section        0  libinit2.o(.ARM.Collect$$libinit$$00000025)
    .ARM.Collect$$libinit$$0000002C          0x080001ee   Section        0  libinit2.o(.ARM.Collect$$libinit$$0000002C)
    .ARM.Collect$$libinit$$0000002E          0x080001ee   Section        0  libinit2.o(.ARM.Collect$$libinit$$0000002E)
    .ARM.Collect$$libinit$$00000030          0x080001ee   Section        0  libinit2.o(.ARM.Collect$$libinit$$00000030)
    .ARM.Collect$$libinit$$00000032          0x080001ee   Section        0  libinit2.o(.ARM.Collect$$libinit$$00000032)
    .ARM.Collect$$libinit$$00000033          0x080001ee   Section        2  libinit2.o(.ARM.Collect$$libinit$$00000033)
    .ARM.Collect$$libshutdown$$00000000      0x080001f0   Section        2  libshutdown.o(.ARM.Collect$$libshutdown$$00000000)
    .ARM.Collect$$libshutdown$$00000003      0x080001f2   Section        0  libshutdown2.o(.ARM.Collect$$libshutdown$$00000003)
    .ARM.Collect$$libshutdown$$00000006      0x080001f2   Section        0  libshutdown2.o(.ARM.Collect$$libshutdown$$00000006)
    .ARM.Collect$$libshutdown$$00000009      0x080001f2   Section        0  libshutdown2.o(.ARM.Collect$$libshutdown$$00000009)
    .ARM.Collect$$libshutdown$$0000000B      0x080001f2   Section        0  libshutdown2.o(.ARM.Collect$$libshutdown$$0000000B)
    .ARM.Collect$$libshutdown$$0000000E      0x080001f2   Section        0  libshutdown2.o(.ARM.Collect$$libshutdown$$0000000E)
    .ARM.Collect$$libshutdown$$0000000F      0x080001f2   Section        2  libshutdown2.o(.ARM.Collect$$libshutdown$$0000000F)
    .ARM.Collect$$rtentry$$00000000          0x080001f4   Section        0  __rtentry.o(.ARM.Collect$$rtentry$$00000000)
    .ARM.Collect$$rtentry$$00000002          0x080001f4   Section        0  __rtentry2.o(.ARM.Collect$$rtentry$$00000002)
    .ARM.Collect$$rtentry$$00000004          0x080001f4   Section        6  __rtentry4.o(.ARM.Collect$$rtentry$$00000004)
    .ARM.Collect$$rtentry$$00000009          0x080001fa   Section        0  __rtentry2.o(.ARM.Collect$$rtentry$$00000009)
    .ARM.Collect$$rtentry$$0000000A          0x080001fa   Section        4  __rtentry2.o(.ARM.Collect$$rtentry$$0000000A)
    .ARM.Collect$$rtentry$$0000000C          0x080001fe   Section        0  __rtentry2.o(.ARM.Collect$$rtentry$$0000000C)
    .ARM.Collect$$rtentry$$0000000D          0x080001fe   Section        8  __rtentry2.o(.ARM.Collect$$rtentry$$0000000D)
    .ARM.Collect$$rtexit$$00000000           0x08000206   Section        2  rtexit.o(.ARM.Collect$$rtexit$$00000000)
    .ARM.Collect$$rtexit$$00000002           0x08000208   Section        0  rtexit2.o(.ARM.Collect$$rtexit$$00000002)
    .ARM.Collect$$rtexit$$00000003           0x08000208   Section        4  rtexit2.o(.ARM.Collect$$rtexit$$00000003)
    .ARM.Collect$$rtexit$$00000004           0x0800020c   Section        6  rtexit2.o(.ARM.Collect$$rtexit$$00000004)
    .text                                    0x08000214   Section       64  startup_stm32f10x_hd.o(.text)
    .text                                    0x08000254   Section       68  rt_memclr.o(.text)
    .text                                    0x08000298   Section        0  heapauxi.o(.text)
    .text                                    0x0800029e   Section       78  rt_memclr_w.o(.text)
    .text                                    0x080002ec   Section       74  sys_stackheap_outer.o(.text)
    .text                                    0x08000336   Section        0  exit.o(.text)
    .text                                    0x08000344   Section        8  libspace.o(.text)
    .text                                    0x0800034c   Section        0  sys_exit.o(.text)
    .text                                    0x08000358   Section        2  use_no_semi.o(.text)
    .text                                    0x0800035a   Section        0  indicate_semi.o(.text)
    i.BusFault_Handler                       0x0800035a   Section        0  stm32f10x_it.o(i.BusFault_Handler)
    i.CAN_ClearITPendingBit                  0x08000360   Section        0  stm32f10x_can.o(i.CAN_ClearITPendingBit)
    i.CAN_FilterInit                         0x08000408   Section        0  stm32f10x_can.o(i.CAN_FilterInit)
    i.CAN_GetITStatus                        0x08000510   Section        0  stm32f10x_can.o(i.CAN_GetITStatus)
    i.CAN_ITConfig                           0x08000630   Section        0  stm32f10x_can.o(i.CAN_ITConfig)
    i.CAN_Init                               0x08000642   Section        0  stm32f10x_can.o(i.CAN_Init)
    i.CAN_Mode_Init                          0x08000758   Section        0  can.o(i.CAN_Mode_Init)
    i.CAN_Receive                            0x08000860   Section        0  stm32f10x_can.o(i.CAN_Receive)
    i.CAN_Transmit                           0x08000950   Section        0  stm32f10x_can.o(i.CAN_Transmit)
    i.CAN_TransmitStatus                     0x08000a78   Section        0  stm32f10x_can.o(i.CAN_TransmitStatus)
    i.Can_SendExtMsg                         0x08000b18   Section        0  can.o(i.Can_SendExtMsg)
    i.CheckITStatus                          0x08000b8c   Section        0  stm32f10x_can.o(i.CheckITStatus)
    CheckITStatus                            0x08000b8d   Thumb Code    18  stm32f10x_can.o(i.CheckITStatus)
    i.Client_Ctrl                            0x08000ba0   Section        0  client.o(i.Client_Ctrl)
    i.DMA1_Channel1_IRQHandler               0x08000c08   Section        0  adc.o(i.DMA1_Channel1_IRQHandler)
    i.DMA_ClearFlag                          0x08000cc0   Section        0  stm32f10x_dma.o(i.DMA_ClearFlag)
    i.DMA_ClearITPendingBit                  0x08000cdc   Section        0  stm32f10x_dma.o(i.DMA_ClearITPendingBit)
    i.DMA_Cmd                                0x08000cf8   Section        0  stm32f10x_dma.o(i.DMA_Cmd)
    i.DMA_GetCurrDataCounter                 0x08000d10   Section        0  stm32f10x_dma.o(i.DMA_GetCurrDataCounter)
    i.DMA_GetITStatus                        0x08000d18   Section        0  stm32f10x_dma.o(i.DMA_GetITStatus)
    i.DMA_Init                               0x08000d44   Section        0  stm32f10x_dma.o(i.DMA_Init)
    i.DMA_SetCurrDataCounter                 0x08000d80   Section        0  stm32f10x_dma.o(i.DMA_SetCurrDataCounter)
    i.DMS055A_CRC16                          0x08000d84   Section        0  dms055a.o(i.DMS055A_CRC16)
    i.DMS055A_Init                           0x08000dbc   Section        0  dms055a.o(i.DMS055A_Init)
    i.DMS055A_SendData                       0x08000ecc   Section        0  dms055a.o(i.DMS055A_SendData)
    i.DMS055A_SendPosition                   0x08000efc   Section        0  dms055a.o(i.DMS055A_SendPosition)
    i.DebugMon_Handler                       0x08000fe0   Section        0  stm32f10x_it.o(i.DebugMon_Handler)
    i.GPIO_Init                              0x08000fe2   Section        0  stm32f10x_gpio.o(i.GPIO_Init)
    i.GPIO_PinRemapConfig                    0x080010f8   Section        0  stm32f10x_gpio.o(i.GPIO_PinRemapConfig)
    i.GPIO_SetBits                           0x08001188   Section        0  stm32f10x_gpio.o(i.GPIO_SetBits)
    i.Get_DMS055A_Data                       0x0800118c   Section        0  dms055a.o(i.Get_DMS055A_Data)
    i.Get_DR16_Data                          0x080011b4   Section        0  remoter.o(i.Get_DR16_Data)
    Get_DR16_Data                            0x080011b5   Thumb Code   414  remoter.o(i.Get_DR16_Data)
    i.Get_Industry_Data                      0x08001354   Section        0  industry.o(i.Get_Industry_Data)
    i.Get_SonicData                          0x080014f0   Section        0  sonic.o(i.Get_SonicData)
    i.Get_YQ1_Data                           0x080015b4   Section        0  can.o(i.Get_YQ1_Data)
    i.Get_YQ2_Data                           0x0800161c   Section        0  can.o(i.Get_YQ2_Data)
    i.HardFault_Handler                      0x08001646   Section        0  stm32f10x_it.o(i.HardFault_Handler)
    i.IncrementPIDspeedCtrl                  0x0800164c   Section        0  pid.o(i.IncrementPIDspeedCtrl)
    i.Industry_Init                          0x080017a4   Section        0  industry.o(i.Industry_Init)
    i.Industry_Reply                         0x080018b4   Section        0  industry.o(i.Industry_Reply)
    i.Industry_SendData                      0x08001980   Section        0  industry.o(i.Industry_SendData)
    i.JY01_Ctrl                              0x080019b0   Section        0  jy01.o(i.JY01_Ctrl)
    i.LED_Init                               0x08001a10   Section        0  led.o(i.LED_Init)
    i.MemManage_Handler                      0x08001a48   Section        0  stm32f10x_it.o(i.MemManage_Handler)
    i.NMI_Handler                            0x08001a4c   Section        0  stm32f10x_it.o(i.NMI_Handler)
    i.NVIC_Init                              0x08001a50   Section        0  misc.o(i.NVIC_Init)
    i.NVIC_PriorityGroupConfig               0x08001ac0   Section        0  misc.o(i.NVIC_PriorityGroupConfig)
    i.PendSV_Handler                         0x08001ad4   Section        0  stm32f10x_it.o(i.PendSV_Handler)
    i.RCC_AHBPeriphClockCmd                  0x08001ad8   Section        0  stm32f10x_rcc.o(i.RCC_AHBPeriphClockCmd)
    i.RCC_APB1PeriphClockCmd                 0x08001af8   Section        0  stm32f10x_rcc.o(i.RCC_APB1PeriphClockCmd)
    i.RCC_APB2PeriphClockCmd                 0x08001b18   Section        0  stm32f10x_rcc.o(i.RCC_APB2PeriphClockCmd)
    i.RCC_GetClocksFreq                      0x08001b38   Section        0  stm32f10x_rcc.o(i.RCC_GetClocksFreq)
    i.Remoter_Uart_Init                      0x08001c0c   Section        0  remoter.o(i.Remoter_Uart_Init)
    i.SVC_Handler                            0x08001cdc   Section        0  stm32f10x_it.o(i.SVC_Handler)
    i.SetSysClock                            0x08001cde   Section        0  system_stm32f10x.o(i.SetSysClock)
    SetSysClock                              0x08001cdf   Thumb Code     8  system_stm32f10x.o(i.SetSysClock)
    i.SetSysClockTo72                        0x08001ce8   Section        0  system_stm32f10x.o(i.SetSysClockTo72)
    SetSysClockTo72                          0x08001ce9   Thumb Code   214  system_stm32f10x.o(i.SetSysClockTo72)
    i.Sonic_CRC16                            0x08001dc8   Section        0  sonic.o(i.Sonic_CRC16)
    i.Sonic_Init                             0x08001e00   Section        0  sonic.o(i.Sonic_Init)
    i.Sonic_SendHostCmd                      0x08002004   Section        0  sonic.o(i.Sonic_SendHostCmd)
    i.Sonic_SendHostData                     0x08002014   Section        0  sonic.o(i.Sonic_SendHostData)
    i.SysTick_CLKSourceConfig                0x08002044   Section        0  misc.o(i.SysTick_CLKSourceConfig)
    i.SysTick_Handler                        0x0800206c   Section        0  stm32f10x_it.o(i.SysTick_Handler)
    i.SystemInit                             0x08002070   Section        0  system_stm32f10x.o(i.SystemInit)
    i.TIM7_IRQHandler                        0x080020d0   Section        0  timer.o(i.TIM7_IRQHandler)
    i.TIM7_Init                              0x080025b4   Section        0  timer.o(i.TIM7_Init)
    i.TIM_ClearFlag                          0x0800261c   Section        0  stm32f10x_tim.o(i.TIM_ClearFlag)
    i.TIM_ClearITPendingBit                  0x08002622   Section        0  stm32f10x_tim.o(i.TIM_ClearITPendingBit)
    i.TIM_Cmd                                0x08002628   Section        0  stm32f10x_tim.o(i.TIM_Cmd)
    i.TIM_GetITStatus                        0x08002640   Section        0  stm32f10x_tim.o(i.TIM_GetITStatus)
    i.TIM_ITConfig                           0x08002662   Section        0  stm32f10x_tim.o(i.TIM_ITConfig)
    i.TIM_TimeBaseInit                       0x08002674   Section        0  stm32f10x_tim.o(i.TIM_TimeBaseInit)
    i.UART4_IRQHandler                       0x08002718   Section        0  dms055a.o(i.UART4_IRQHandler)
    i.UART5_IRQHandler                       0x08002764   Section        0  remoter.o(i.UART5_IRQHandler)
    i.USART1_IRQHandler                      0x080027d0   Section        0  sonic.o(i.USART1_IRQHandler)
    i.USART2_IRQHandler                      0x08002838   Section        0  industry.o(i.USART2_IRQHandler)
    i.USART3_IRQHandler                      0x08002890   Section        0  sonic.o(i.USART3_IRQHandler)
    i.USART_ClearFlag                        0x080028f8   Section        0  stm32f10x_usart.o(i.USART_ClearFlag)
    i.USART_ClearITPendingBit                0x0800290a   Section        0  stm32f10x_usart.o(i.USART_ClearITPendingBit)
    i.USART_Cmd                              0x08002928   Section        0  stm32f10x_usart.o(i.USART_Cmd)
    i.USART_DMACmd                           0x08002940   Section        0  stm32f10x_usart.o(i.USART_DMACmd)
    i.USART_GetFlagStatus                    0x08002952   Section        0  stm32f10x_usart.o(i.USART_GetFlagStatus)
    i.USART_GetITStatus                      0x0800296c   Section        0  stm32f10x_usart.o(i.USART_GetITStatus)
    i.USART_ITConfig                         0x080029c0   Section        0  stm32f10x_usart.o(i.USART_ITConfig)
    i.USART_Init                             0x08002a0c   Section        0  stm32f10x_usart.o(i.USART_Init)
    i.USART_ReceiveData                      0x08002ae4   Section        0  stm32f10x_usart.o(i.USART_ReceiveData)
    i.USART_SendData                         0x08002aee   Section        0  stm32f10x_usart.o(i.USART_SendData)
    i.USB_LP_CAN1_RX0_IRQHandler             0x08002af8   Section        0  can.o(i.USB_LP_CAN1_RX0_IRQHandler)
    i.UsageFault_Handler                     0x08002bd8   Section        0  stm32f10x_it.o(i.UsageFault_Handler)
    i.YQRL_TRctrl                            0x08002bdc   Section        0  yq.o(i.YQRL_TRctrl)
    i.YQRR_TRctrl                            0x08002dac   Section        0  yq.o(i.YQRR_TRctrl)
    i.delay_init                             0x08002f6c   Section        0  delay.o(i.delay_init)
    i.delay_ms                               0x08002fb0   Section        0  delay.o(i.delay_ms)
    i.feedbackSpeedPID                       0x08002ffc   Section        0  industry.o(i.feedbackSpeedPID)
    i.generateCheckVal                       0x08003128   Section        0  industry.o(i.generateCheckVal)
    i.init_pid_params                        0x08003142   Section        0  pid.o(i.init_pid_params)
    i.main                                   0x0800314c   Section        0  main.o(i.main)
    x$fpl$d2f                                0x080031d4   Section       98  d2f.o(x$fpl$d2f)
    x$fpl$dadd                               0x08003238   Section      336  daddsub_clz.o(x$fpl$dadd)
    _dadd1                                   0x08003249   Thumb Code     0  daddsub_clz.o(x$fpl$dadd)
    x$fpl$dcmpinf                            0x08003388   Section       24  dcmpi.o(x$fpl$dcmpinf)
    x$fpl$ddiv                               0x080033a0   Section      688  ddiv.o(x$fpl$ddiv)
    ddiv_entry                               0x080033a7   Thumb Code     0  ddiv.o(x$fpl$ddiv)
    x$fpl$deqf                               0x08003650   Section      120  deqf.o(x$fpl$deqf)
    x$fpl$dfix                               0x080036c8   Section       94  dfix.o(x$fpl$dfix)
    x$fpl$dfixu                              0x08003728   Section       90  dfixu.o(x$fpl$dfixu)
    x$fpl$dflt                               0x08003782   Section       46  dflt_clz.o(x$fpl$dflt)
    x$fpl$dfltu                              0x080037b0   Section       38  dflt_clz.o(x$fpl$dfltu)
    x$fpl$dleqf                              0x080037d8   Section      120  dleqf.o(x$fpl$dleqf)
    x$fpl$dmul                               0x08003850   Section      340  dmul.o(x$fpl$dmul)
    x$fpl$dnaninf                            0x080039a4   Section      156  dnaninf.o(x$fpl$dnaninf)
    x$fpl$dretinf                            0x08003a40   Section       12  dretinf.o(x$fpl$dretinf)
    x$fpl$drleqf                             0x08003a4c   Section      108  drleqf.o(x$fpl$drleqf)
    x$fpl$dsub                               0x08003ab8   Section      468  daddsub_clz.o(x$fpl$dsub)
    _dsub1                                   0x08003ac9   Thumb Code     0  daddsub_clz.o(x$fpl$dsub)
    x$fpl$f2d                                0x08003c8c   Section       86  f2d.o(x$fpl$f2d)
    x$fpl$fadd                               0x08003ce4   Section      196  faddsub_clz.o(x$fpl$fadd)
    _fadd1                                   0x08003cf3   Thumb Code     0  faddsub_clz.o(x$fpl$fadd)
    x$fpl$fcmpinf                            0x08003da8   Section       24  fcmpi.o(x$fpl$fcmpinf)
    x$fpl$fdiv                               0x08003dc0   Section      388  fdiv.o(x$fpl$fdiv)
    _fdiv1                                   0x08003dc1   Thumb Code     0  fdiv.o(x$fpl$fdiv)
    x$fpl$ffix                               0x08003f44   Section       54  ffix.o(x$fpl$ffix)
    x$fpl$ffixu                              0x08003f7c   Section       62  ffixu.o(x$fpl$ffixu)
    x$fpl$fflt                               0x08003fbc   Section       48  fflt_clz.o(x$fpl$fflt)
    x$fpl$fleqf                              0x08003fec   Section      104  fleqf.o(x$fpl$fleqf)
    x$fpl$fmul                               0x08004054   Section      258  fmul.o(x$fpl$fmul)
    x$fpl$fnaninf                            0x08004156   Section      140  fnaninf.o(x$fpl$fnaninf)
    x$fpl$fretinf                            0x080041e2   Section       10  fretinf.o(x$fpl$fretinf)
    x$fpl$frleqf                             0x080041ec   Section       98  frleqf.o(x$fpl$frleqf)
    x$fpl$frsb                               0x0800424e   Section       20  faddsub_clz.o(x$fpl$frsb)
    x$fpl$fsub                               0x08004264   Section      234  faddsub_clz.o(x$fpl$fsub)
    _fsub1                                   0x08004273   Thumb Code     0  faddsub_clz.o(x$fpl$fsub)
    x$fpl$usenofp                            0x0800434e   Section        0  usenofp.o(x$fpl$usenofp)
    .constdata                               0x08004350   Section       26  industry.o(.constdata)
    .data                                    0x20000000   Section       20  system_stm32f10x.o(.data)
    .data                                    0x20000014   Section        4  delay.o(.data)
    fac_us                                   0x20000014   Data           1  delay.o(.data)
    fac_ms                                   0x20000016   Data           2  delay.o(.data)
    .data                                    0x20000018   Section       20  stm32f10x_rcc.o(.data)
    APBAHBPrescTable                         0x20000018   Data          16  stm32f10x_rcc.o(.data)
    ADCPrescTable                            0x20000028   Data           4  stm32f10x_rcc.o(.data)
    .data                                    0x2000002c   Section        1  remoter.o(.data)
    .data                                    0x20000030   Section       18  adc.o(.data)
    .data                                    0x20000042   Section      528  dms055a.o(.data)
    auchCRCHi                                0x20000042   Data         256  dms055a.o(.data)
    auchCRCLo                                0x20000142   Data         256  dms055a.o(.data)
    .data                                    0x20000258   Section     1076  timer.o(.data)
    auchCRCHi                                0x20000258   Data         256  timer.o(.data)
    auchCRCLo                                0x20000358   Data         256  timer.o(.data)
    SonicCRCHi                               0x20000458   Data         256  timer.o(.data)
    SonicCRCLo                               0x20000558   Data         256  timer.o(.data)
    .data                                    0x2000068c   Section        4  can.o(.data)
    .data                                    0x20000690   Section        8  yq.o(.data)
    maxBrakeVal                              0x20000694   Data           2  yq.o(.data)
    maxBrakeVal                              0x20000696   Data           2  yq.o(.data)
    .data                                    0x20000698   Section        1  client.o(.data)
    .data                                    0x20000699   Section        2  jy01.o(.data)
    .data                                    0x200006a0   Section       48  pid.o(.data)
    Bias                                     0x200006ac   Data           4  pid.o(.data)
    Pwm                                      0x200006b0   Data           4  pid.o(.data)
    Integral_bias                            0x200006b4   Data           4  pid.o(.data)
    Last_Bias                                0x200006b8   Data           4  pid.o(.data)
    lastCmd                                  0x200006bc   Data           4  pid.o(.data)
    lastErr                                  0x200006c0   Data           4  pid.o(.data)
    lastLastErr                              0x200006c4   Data           4  pid.o(.data)
    lastTime                                 0x200006c8   Data           8  pid.o(.data)
    .data                                    0x200006d0   Section      531  sonic.o(.data)
    SonicCRCHi                               0x200006d0   Data         256  sonic.o(.data)
    SonicCRCLo                               0x200007d0   Data         256  sonic.o(.data)
    cmd                                      0x200008d3   Data           8  sonic.o(.data)
    cmd                                      0x200008db   Data           8  sonic.o(.data)
    .bss                                     0x200008e4   Section       39  remoter.o(.bss)
    .bss                                     0x2000090c   Section      116  can.o(.bss)
    .bss                                     0x20000980   Section       28  industry.o(.bss)
    .bss                                     0x2000099c   Section       12  pid.o(.bss)
    .bss                                     0x200009a8   Section       72  sonic.o(.bss)
    .bss                                     0x200009f0   Section       96  libspace.o(.bss)
    HEAP                                     0x20000a50   Section      512  startup_stm32f10x_hd.o(HEAP)
    Heap_Mem                                 0x20000a50   Data         512  startup_stm32f10x_hd.o(HEAP)
    STACK                                    0x20000c50   Section     1024  startup_stm32f10x_hd.o(STACK)
    Stack_Mem                                0x20000c50   Data        1024  startup_stm32f10x_hd.o(STACK)
    __initial_sp                             0x20001050   Data           0  startup_stm32f10x_hd.o(STACK)

    Global Symbols

    Symbol Name                              Value     Ov Type        Size  Object(Section)

    BuildAttributes$$THM_ISAv4$P$D$K$B$S$PE$A:L22UL41UL21$X:L11$S22US41US21$IEEE1$IW$USESV6$~STKCKD$USESV7$~SHL$OSPACE$ROPI$EBA8$UX$STANDARDLIB$REQ8$PRES8$EABIv2 0x00000000   Number         0  anon$$obj.o ABSOLUTE
    __ARM_use_no_argv                        0x00000000   Number         0  main.o ABSOLUTE
    __ARM_exceptions_init                     - Undefined Weak Reference
    __alloca_initialize                       - Undefined Weak Reference
    __arm_preinit_                            - Undefined Weak Reference
    __cpp_initialize__aeabi_                  - Undefined Weak Reference
    __cxa_finalize                            - Undefined Weak Reference
    __rt_locale                               - Undefined Weak Reference
    __sigvec_lookup                           - Undefined Weak Reference
    _atexit_init                              - Undefined Weak Reference
    _call_atexit_fns                          - Undefined Weak Reference
    _clock_init                               - Undefined Weak Reference
    _fp_trap_init                             - Undefined Weak Reference
    _fp_trap_shutdown                         - Undefined Weak Reference
    _get_lc_collate                           - Undefined Weak Reference
    _get_lc_ctype                             - Undefined Weak Reference
    _get_lc_monetary                          - Undefined Weak Reference
    _get_lc_numeric                           - Undefined Weak Reference
    _get_lc_time                              - Undefined Weak Reference
    _getenv_init                              - Undefined Weak Reference
    _handle_redirection                       - Undefined Weak Reference
    _init_alloc                               - Undefined Weak Reference
    _init_user_alloc                          - Undefined Weak Reference
    _initio                                   - Undefined Weak Reference
    _rand_init                                - Undefined Weak Reference
    _signal_finish                            - Undefined Weak Reference
    _signal_init                              - Undefined Weak Reference
    _terminate_alloc                          - Undefined Weak Reference
    _terminate_user_alloc                     - Undefined Weak Reference
    _terminateio                              - Undefined Weak Reference
    __Vectors_Size                           0x00000130   Number         0  startup_stm32f10x_hd.o ABSOLUTE
    __Vectors                                0x08000000   Data           4  startup_stm32f10x_hd.o(RESET)
    __Vectors_End                            0x08000130   Data           0  startup_stm32f10x_hd.o(RESET)
    __main                                   0x08000131   Thumb Code     8  __main.o(!!!main)
    __scatterload                            0x08000139   Thumb Code     0  __scatter.o(!!!scatter)
    __scatterload_rt2                        0x08000139   Thumb Code    44  __scatter.o(!!!scatter)
    __scatterload_rt2_thumb_only             0x08000139   Thumb Code     0  __scatter.o(!!!scatter)
    __scatterload_null                       0x08000147   Thumb Code     0  __scatter.o(!!!scatter)
    __decompress                             0x0800016d   Thumb Code   100  __dclz77c.o(!!dclz77c)
    __decompress2                            0x0800016d   Thumb Code     0  __dclz77c.o(!!dclz77c)
    __scatterload_zeroinit                   0x080001d1   Thumb Code    28  __scatter_zi.o(!!handler_zi)
    __rt_lib_init                            0x080001ed   Thumb Code     0  libinit.o(.ARM.Collect$$libinit$$00000000)
    __rt_lib_init_alloca_1                   0x080001ef   Thumb Code     0  libinit2.o(.ARM.Collect$$libinit$$0000002E)
    __rt_lib_init_argv_1                     0x080001ef   Thumb Code     0  libinit2.o(.ARM.Collect$$libinit$$0000002C)
    __rt_lib_init_atexit_1                   0x080001ef   Thumb Code     0  libinit2.o(.ARM.Collect$$libinit$$0000001B)
    __rt_lib_init_clock_1                    0x080001ef   Thumb Code     0  libinit2.o(.ARM.Collect$$libinit$$00000021)
    __rt_lib_init_cpp_1                      0x080001ef   Thumb Code     0  libinit2.o(.ARM.Collect$$libinit$$00000032)
    __rt_lib_init_exceptions_1               0x080001ef   Thumb Code     0  libinit2.o(.ARM.Collect$$libinit$$00000030)
    __rt_lib_init_fp_1                       0x080001ef   Thumb Code     0  libinit2.o(.ARM.Collect$$libinit$$00000002)
    __rt_lib_init_fp_trap_1                  0x080001ef   Thumb Code     0  libinit2.o(.ARM.Collect$$libinit$$0000001F)
    __rt_lib_init_getenv_1                   0x080001ef   Thumb Code     0  libinit2.o(.ARM.Collect$$libinit$$00000023)
    __rt_lib_init_heap_1                     0x080001ef   Thumb Code     0  libinit2.o(.ARM.Collect$$libinit$$0000000A)
    __rt_lib_init_lc_collate_1               0x080001ef   Thumb Code     0  libinit2.o(.ARM.Collect$$libinit$$00000011)
    __rt_lib_init_lc_ctype_1                 0x080001ef   Thumb Code     0  libinit2.o(.ARM.Collect$$libinit$$00000013)
    __rt_lib_init_lc_monetary_1              0x080001ef   Thumb Code     0  libinit2.o(.ARM.Collect$$libinit$$00000015)
    __rt_lib_init_lc_numeric_1               0x080001ef   Thumb Code     0  libinit2.o(.ARM.Collect$$libinit$$00000017)
    __rt_lib_init_lc_time_1                  0x080001ef   Thumb Code     0  libinit2.o(.ARM.Collect$$libinit$$00000019)
    __rt_lib_init_preinit_1                  0x080001ef   Thumb Code     0  libinit2.o(.ARM.Collect$$libinit$$00000004)
    __rt_lib_init_rand_1                     0x080001ef   Thumb Code     0  libinit2.o(.ARM.Collect$$libinit$$0000000E)
    __rt_lib_init_return                     0x080001ef   Thumb Code     0  libinit2.o(.ARM.Collect$$libinit$$00000033)
    __rt_lib_init_signal_1                   0x080001ef   Thumb Code     0  libinit2.o(.ARM.Collect$$libinit$$0000001D)
    __rt_lib_init_stdio_1                    0x080001ef   Thumb Code     0  libinit2.o(.ARM.Collect$$libinit$$00000025)
    __rt_lib_init_user_alloc_1               0x080001ef   Thumb Code     0  libinit2.o(.ARM.Collect$$libinit$$0000000C)
    __rt_lib_shutdown                        0x080001f1   Thumb Code     0  libshutdown.o(.ARM.Collect$$libshutdown$$00000000)
    __rt_lib_shutdown_fp_trap_1              0x080001f3   Thumb Code     0  libshutdown2.o(.ARM.Collect$$libshutdown$$00000006)
    __rt_lib_shutdown_heap_1                 0x080001f3   Thumb Code     0  libshutdown2.o(.ARM.Collect$$libshutdown$$0000000E)
    __rt_lib_shutdown_return                 0x080001f3   Thumb Code     0  libshutdown2.o(.ARM.Collect$$libshutdown$$0000000F)
    __rt_lib_shutdown_signal_1               0x080001f3   Thumb Code     0  libshutdown2.o(.ARM.Collect$$libshutdown$$00000009)
    __rt_lib_shutdown_stdio_1                0x080001f3   Thumb Code     0  libshutdown2.o(.ARM.Collect$$libshutdown$$00000003)
    __rt_lib_shutdown_user_alloc_1           0x080001f3   Thumb Code     0  libshutdown2.o(.ARM.Collect$$libshutdown$$0000000B)
    __rt_entry                               0x080001f5   Thumb Code     0  __rtentry.o(.ARM.Collect$$rtentry$$00000000)
    __rt_entry_presh_1                       0x080001f5   Thumb Code     0  __rtentry2.o(.ARM.Collect$$rtentry$$00000002)
    __rt_entry_sh                            0x080001f5   Thumb Code     0  __rtentry4.o(.ARM.Collect$$rtentry$$00000004)
    __rt_entry_li                            0x080001fb   Thumb Code     0  __rtentry2.o(.ARM.Collect$$rtentry$$0000000A)
    __rt_entry_postsh_1                      0x080001fb   Thumb Code     0  __rtentry2.o(.ARM.Collect$$rtentry$$00000009)
    __rt_entry_main                          0x080001ff   Thumb Code     0  __rtentry2.o(.ARM.Collect$$rtentry$$0000000D)
    __rt_entry_postli_1                      0x080001ff   Thumb Code     0  __rtentry2.o(.ARM.Collect$$rtentry$$0000000C)
    __rt_exit                                0x08000207   Thumb Code     0  rtexit.o(.ARM.Collect$$rtexit$$00000000)
    __rt_exit_ls                             0x08000209   Thumb Code     0  rtexit2.o(.ARM.Collect$$rtexit$$00000003)
    __rt_exit_prels_1                        0x08000209   Thumb Code     0  rtexit2.o(.ARM.Collect$$rtexit$$00000002)
    __rt_exit_exit                           0x0800020d   Thumb Code     0  rtexit2.o(.ARM.Collect$$rtexit$$00000004)
    Reset_Handler                            0x08000215   Thumb Code     8  startup_stm32f10x_hd.o(.text)
    ADC1_2_IRQHandler                        0x0800022f   Thumb Code     0  startup_stm32f10x_hd.o(.text)
    ADC3_IRQHandler                          0x0800022f   Thumb Code     0  startup_stm32f10x_hd.o(.text)
    CAN1_RX1_IRQHandler                      0x0800022f   Thumb Code     0  startup_stm32f10x_hd.o(.text)
    CAN1_SCE_IRQHandler                      0x0800022f   Thumb Code     0  startup_stm32f10x_hd.o(.text)
    DMA1_Channel2_IRQHandler                 0x0800022f   Thumb Code     0  startup_stm32f10x_hd.o(.text)
    DMA1_Channel3_IRQHandler                 0x0800022f   Thumb Code     0  startup_stm32f10x_hd.o(.text)
    DMA1_Channel4_IRQHandler                 0x0800022f   Thumb Code     0  startup_stm32f10x_hd.o(.text)
    DMA1_Channel5_IRQHandler                 0x0800022f   Thumb Code     0  startup_stm32f10x_hd.o(.text)
    DMA1_Channel6_IRQHandler                 0x0800022f   Thumb Code     0  startup_stm32f10x_hd.o(.text)
    DMA1_Channel7_IRQHandler                 0x0800022f   Thumb Code     0  startup_stm32f10x_hd.o(.text)
    DMA2_Channel1_IRQHandler                 0x0800022f   Thumb Code     0  startup_stm32f10x_hd.o(.text)
    DMA2_Channel2_IRQHandler                 0x0800022f   Thumb Code     0  startup_stm32f10x_hd.o(.text)
    DMA2_Channel3_IRQHandler                 0x0800022f   Thumb Code     0  startup_stm32f10x_hd.o(.text)
    DMA2_Channel4_5_IRQHandler               0x0800022f   Thumb Code     0  startup_stm32f10x_hd.o(.text)
    EXTI0_IRQHandler                         0x0800022f   Thumb Code     0  startup_stm32f10x_hd.o(.text)
    EXTI15_10_IRQHandler                     0x0800022f   Thumb Code     0  startup_stm32f10x_hd.o(.text)
    EXTI1_IRQHandler                         0x0800022f   Thumb Code     0  startup_stm32f10x_hd.o(.text)
    EXTI2_IRQHandler                         0x0800022f   Thumb Code     0  startup_stm32f10x_hd.o(.text)
    EXTI3_IRQHandler                         0x0800022f   Thumb Code     0  startup_stm32f10x_hd.o(.text)
    EXTI4_IRQHandler                         0x0800022f   Thumb Code     0  startup_stm32f10x_hd.o(.text)
    EXTI9_5_IRQHandler                       0x0800022f   Thumb Code     0  startup_stm32f10x_hd.o(.text)
    FLASH_IRQHandler                         0x0800022f   Thumb Code     0  startup_stm32f10x_hd.o(.text)
    FSMC_IRQHandler                          0x0800022f   Thumb Code     0  startup_stm32f10x_hd.o(.text)
    I2C1_ER_IRQHandler                       0x0800022f   Thumb Code     0  startup_stm32f10x_hd.o(.text)
    I2C1_EV_IRQHandler                       0x0800022f   Thumb Code     0  startup_stm32f10x_hd.o(.text)
    I2C2_ER_IRQHandler                       0x0800022f   Thumb Code     0  startup_stm32f10x_hd.o(.text)
    I2C2_EV_IRQHandler                       0x0800022f   Thumb Code     0  startup_stm32f10x_hd.o(.text)
    PVD_IRQHandler                           0x0800022f   Thumb Code     0  startup_stm32f10x_hd.o(.text)
    RCC_IRQHandler                           0x0800022f   Thumb Code     0  startup_stm32f10x_hd.o(.text)
    RTCAlarm_IRQHandler                      0x0800022f   Thumb Code     0  startup_stm32f10x_hd.o(.text)
    RTC_IRQHandler                           0x0800022f   Thumb Code     0  startup_stm32f10x_hd.o(.text)
    SDIO_IRQHandler                          0x0800022f   Thumb Code     0  startup_stm32f10x_hd.o(.text)
    SPI1_IRQHandler                          0x0800022f   Thumb Code     0  startup_stm32f10x_hd.o(.text)
    SPI2_IRQHandler                          0x0800022f   Thumb Code     0  startup_stm32f10x_hd.o(.text)
    SPI3_IRQHandler                          0x0800022f   Thumb Code     0  startup_stm32f10x_hd.o(.text)
    TAMPER_IRQHandler                        0x0800022f   Thumb Code     0  startup_stm32f10x_hd.o(.text)
    TIM1_BRK_IRQHandler                      0x0800022f   Thumb Code     0  startup_stm32f10x_hd.o(.text)
    TIM1_CC_IRQHandler                       0x0800022f   Thumb Code     0  startup_stm32f10x_hd.o(.text)
    TIM1_TRG_COM_IRQHandler                  0x0800022f   Thumb Code     0  startup_stm32f10x_hd.o(.text)
    TIM1_UP_IRQHandler                       0x0800022f   Thumb Code     0  startup_stm32f10x_hd.o(.text)
    TIM2_IRQHandler                          0x0800022f   Thumb Code     0  startup_stm32f10x_hd.o(.text)
    TIM3_IRQHandler                          0x0800022f   Thumb Code     0  startup_stm32f10x_hd.o(.text)
    TIM4_IRQHandler                          0x0800022f   Thumb Code     0  startup_stm32f10x_hd.o(.text)
    TIM5_IRQHandler                          0x0800022f   Thumb Code     0  startup_stm32f10x_hd.o(.text)
    TIM6_IRQHandler                          0x0800022f   Thumb Code     0  startup_stm32f10x_hd.o(.text)
    TIM8_BRK_IRQHandler                      0x0800022f   Thumb Code     0  startup_stm32f10x_hd.o(.text)
    TIM8_CC_IRQHandler                       0x0800022f   Thumb Code     0  startup_stm32f10x_hd.o(.text)
    TIM8_TRG_COM_IRQHandler                  0x0800022f   Thumb Code     0  startup_stm32f10x_hd.o(.text)
    TIM8_UP_IRQHandler                       0x0800022f   Thumb Code     0  startup_stm32f10x_hd.o(.text)
    USBWakeUp_IRQHandler                     0x0800022f   Thumb Code     0  startup_stm32f10x_hd.o(.text)
    USB_HP_CAN1_TX_IRQHandler                0x0800022f   Thumb Code     0  startup_stm32f10x_hd.o(.text)
    WWDG_IRQHandler                          0x0800022f   Thumb Code     0  startup_stm32f10x_hd.o(.text)
    __user_initial_stackheap                 0x08000231   Thumb Code     0  startup_stm32f10x_hd.o(.text)
    __aeabi_memclr                           0x08000255   Thumb Code     0  rt_memclr.o(.text)
    __rt_memclr                              0x08000255   Thumb Code    68  rt_memclr.o(.text)
    _memset                                  0x08000259   Thumb Code     0  rt_memclr.o(.text)
    __use_two_region_memory                  0x08000299   Thumb Code     2  heapauxi.o(.text)
    __rt_heap_escrow$2region                 0x0800029b   Thumb Code     2  heapauxi.o(.text)
    __rt_heap_expand$2region                 0x0800029d   Thumb Code     2  heapauxi.o(.text)
    __aeabi_memclr4                          0x0800029f   Thumb Code     0  rt_memclr_w.o(.text)
    __aeabi_memclr8                          0x0800029f   Thumb Code     0  rt_memclr_w.o(.text)
    __rt_memclr_w                            0x0800029f   Thumb Code    78  rt_memclr_w.o(.text)
    _memset_w                                0x080002a3   Thumb Code     0  rt_memclr_w.o(.text)
    __user_setup_stackheap                   0x080002ed   Thumb Code    74  sys_stackheap_outer.o(.text)
    exit                                     0x08000337   Thumb Code    12  exit.o(.text)
    __user_libspace                          0x08000345   Thumb Code     8  libspace.o(.text)
    __user_perproc_libspace                  0x08000345   Thumb Code     0  libspace.o(.text)
    __user_perthread_libspace                0x08000345   Thumb Code     0  libspace.o(.text)
    _sys_exit                                0x0800034d   Thumb Code     8  sys_exit.o(.text)
    __I$use$semihosting                      0x08000359   Thumb Code     0  use_no_semi.o(.text)
    __use_no_semihosting_swi                 0x08000359   Thumb Code     2  use_no_semi.o(.text)
    BusFault_Handler                         0x0800035b   Thumb Code     4  stm32f10x_it.o(i.BusFault_Handler)
    __semihosting_library_function           0x0800035b   Thumb Code     0  indicate_semi.o(.text)
    CAN_ClearITPendingBit                    0x08000361   Thumb Code   162  stm32f10x_can.o(i.CAN_ClearITPendingBit)
    CAN_FilterInit                           0x08000409   Thumb Code   258  stm32f10x_can.o(i.CAN_FilterInit)
    CAN_GetITStatus                          0x08000511   Thumb Code   284  stm32f10x_can.o(i.CAN_GetITStatus)
    CAN_ITConfig                             0x08000631   Thumb Code    18  stm32f10x_can.o(i.CAN_ITConfig)
    CAN_Init                                 0x08000643   Thumb Code   276  stm32f10x_can.o(i.CAN_Init)
    CAN_Mode_Init                            0x08000759   Thumb Code   254  can.o(i.CAN_Mode_Init)
    CAN_Receive                              0x08000861   Thumb Code   240  stm32f10x_can.o(i.CAN_Receive)
    CAN_Transmit                             0x08000951   Thumb Code   294  stm32f10x_can.o(i.CAN_Transmit)
    CAN_TransmitStatus                       0x08000a79   Thumb Code   138  stm32f10x_can.o(i.CAN_TransmitStatus)
    Can_SendExtMsg                           0x08000b19   Thumb Code   110  can.o(i.Can_SendExtMsg)
    Client_Ctrl                              0x08000ba1   Thumb Code    94  client.o(i.Client_Ctrl)
    DMA1_Channel1_IRQHandler                 0x08000c09   Thumb Code   154  adc.o(i.DMA1_Channel1_IRQHandler)
    DMA_ClearFlag                            0x08000cc1   Thumb Code    18  stm32f10x_dma.o(i.DMA_ClearFlag)
    DMA_ClearITPendingBit                    0x08000cdd   Thumb Code    18  stm32f10x_dma.o(i.DMA_ClearITPendingBit)
    DMA_Cmd                                  0x08000cf9   Thumb Code    24  stm32f10x_dma.o(i.DMA_Cmd)
    DMA_GetCurrDataCounter                   0x08000d11   Thumb Code     8  stm32f10x_dma.o(i.DMA_GetCurrDataCounter)
    DMA_GetITStatus                          0x08000d19   Thumb Code    36  stm32f10x_dma.o(i.DMA_GetITStatus)
    DMA_Init                                 0x08000d45   Thumb Code    60  stm32f10x_dma.o(i.DMA_Init)
    DMA_SetCurrDataCounter                   0x08000d81   Thumb Code     4  stm32f10x_dma.o(i.DMA_SetCurrDataCounter)
    DMS055A_CRC16                            0x08000d85   Thumb Code    48  dms055a.o(i.DMS055A_CRC16)
    DMS055A_Init                             0x08000dbd   Thumb Code   250  dms055a.o(i.DMS055A_Init)
    DMS055A_SendData                         0x08000ecd   Thumb Code    44  dms055a.o(i.DMS055A_SendData)
    DMS055A_SendPosition                     0x08000efd   Thumb Code   210  dms055a.o(i.DMS055A_SendPosition)
    DebugMon_Handler                         0x08000fe1   Thumb Code     2  stm32f10x_it.o(i.DebugMon_Handler)
    GPIO_Init                                0x08000fe3   Thumb Code   278  stm32f10x_gpio.o(i.GPIO_Init)
    GPIO_PinRemapConfig                      0x080010f9   Thumb Code   138  stm32f10x_gpio.o(i.GPIO_PinRemapConfig)
    GPIO_SetBits                             0x08001189   Thumb Code     4  stm32f10x_gpio.o(i.GPIO_SetBits)
    Get_DMS055A_Data                         0x0800118d   Thumb Code    40  dms055a.o(i.Get_DMS055A_Data)
    Get_Industry_Data                        0x08001355   Thumb Code   372  industry.o(i.Get_Industry_Data)
    Get_SonicData                            0x080014f1   Thumb Code   196  sonic.o(i.Get_SonicData)
    Get_YQ1_Data                             0x080015b5   Thumb Code   100  can.o(i.Get_YQ1_Data)
    Get_YQ2_Data                             0x0800161d   Thumb Code    42  can.o(i.Get_YQ2_Data)
    HardFault_Handler                        0x08001647   Thumb Code     4  stm32f10x_it.o(i.HardFault_Handler)
    IncrementPIDspeedCtrl                    0x0800164d   Thumb Code   302  pid.o(i.IncrementPIDspeedCtrl)
    Industry_Init                            0x080017a5   Thumb Code   254  industry.o(i.Industry_Init)
    Industry_Reply                           0x080018b5   Thumb Code   198  industry.o(i.Industry_Reply)
    Industry_SendData                        0x08001981   Thumb Code    44  industry.o(i.Industry_SendData)
    JY01_Ctrl                                0x080019b1   Thumb Code    84  jy01.o(i.JY01_Ctrl)
    LED_Init                                 0x08001a11   Thumb Code    50  led.o(i.LED_Init)
    MemManage_Handler                        0x08001a49   Thumb Code     4  stm32f10x_it.o(i.MemManage_Handler)
    NMI_Handler                              0x08001a4d   Thumb Code     2  stm32f10x_it.o(i.NMI_Handler)
    NVIC_Init                                0x08001a51   Thumb Code   100  misc.o(i.NVIC_Init)
    NVIC_PriorityGroupConfig                 0x08001ac1   Thumb Code    10  misc.o(i.NVIC_PriorityGroupConfig)
    PendSV_Handler                           0x08001ad5   Thumb Code     2  stm32f10x_it.o(i.PendSV_Handler)
    RCC_AHBPeriphClockCmd                    0x08001ad9   Thumb Code    26  stm32f10x_rcc.o(i.RCC_AHBPeriphClockCmd)
    RCC_APB1PeriphClockCmd                   0x08001af9   Thumb Code    26  stm32f10x_rcc.o(i.RCC_APB1PeriphClockCmd)
    RCC_APB2PeriphClockCmd                   0x08001b19   Thumb Code    26  stm32f10x_rcc.o(i.RCC_APB2PeriphClockCmd)
    RCC_GetClocksFreq                        0x08001b39   Thumb Code   192  stm32f10x_rcc.o(i.RCC_GetClocksFreq)
    Remoter_Uart_Init                        0x08001c0d   Thumb Code   194  remoter.o(i.Remoter_Uart_Init)
    SVC_Handler                              0x08001cdd   Thumb Code     2  stm32f10x_it.o(i.SVC_Handler)
    Sonic_CRC16                              0x08001dc9   Thumb Code    48  sonic.o(i.Sonic_CRC16)
    Sonic_Init                               0x08001e01   Thumb Code   490  sonic.o(i.Sonic_Init)
    Sonic_SendHostCmd                        0x08002005   Thumb Code    12  sonic.o(i.Sonic_SendHostCmd)
    Sonic_SendHostData                       0x08002015   Thumb Code    44  sonic.o(i.Sonic_SendHostData)
    SysTick_CLKSourceConfig                  0x08002045   Thumb Code    40  misc.o(i.SysTick_CLKSourceConfig)
    SysTick_Handler                          0x0800206d   Thumb Code     2  stm32f10x_it.o(i.SysTick_Handler)
    SystemInit                               0x08002071   Thumb Code    78  system_stm32f10x.o(i.SystemInit)
    TIM7_IRQHandler                          0x080020d1   Thumb Code  1214  timer.o(i.TIM7_IRQHandler)
    TIM7_Init                                0x080025b5   Thumb Code    98  timer.o(i.TIM7_Init)
    TIM_ClearFlag                            0x0800261d   Thumb Code     6  stm32f10x_tim.o(i.TIM_ClearFlag)
    TIM_ClearITPendingBit                    0x08002623   Thumb Code     6  stm32f10x_tim.o(i.TIM_ClearITPendingBit)
    TIM_Cmd                                  0x08002629   Thumb Code    24  stm32f10x_tim.o(i.TIM_Cmd)
    TIM_GetITStatus                          0x08002641   Thumb Code    34  stm32f10x_tim.o(i.TIM_GetITStatus)
    TIM_ITConfig                             0x08002663   Thumb Code    18  stm32f10x_tim.o(i.TIM_ITConfig)
    TIM_TimeBaseInit                         0x08002675   Thumb Code   122  stm32f10x_tim.o(i.TIM_TimeBaseInit)
    UART4_IRQHandler                         0x08002719   Thumb Code    58  dms055a.o(i.UART4_IRQHandler)
    UART5_IRQHandler                         0x08002765   Thumb Code    92  remoter.o(i.UART5_IRQHandler)
    USART1_IRQHandler                        0x080027d1   Thumb Code    82  sonic.o(i.USART1_IRQHandler)
    USART2_IRQHandler                        0x08002839   Thumb Code    70  industry.o(i.USART2_IRQHandler)
    USART3_IRQHandler                        0x08002891   Thumb Code    82  sonic.o(i.USART3_IRQHandler)
    USART_ClearFlag                          0x080028f9   Thumb Code    18  stm32f10x_usart.o(i.USART_ClearFlag)
    USART_ClearITPendingBit                  0x0800290b   Thumb Code    30  stm32f10x_usart.o(i.USART_ClearITPendingBit)
    USART_Cmd                                0x08002929   Thumb Code    24  stm32f10x_usart.o(i.USART_Cmd)
    USART_DMACmd                             0x08002941   Thumb Code    18  stm32f10x_usart.o(i.USART_DMACmd)
    USART_GetFlagStatus                      0x08002953   Thumb Code    26  stm32f10x_usart.o(i.USART_GetFlagStatus)
    USART_GetITStatus                        0x0800296d   Thumb Code    84  stm32f10x_usart.o(i.USART_GetITStatus)
    USART_ITConfig                           0x080029c1   Thumb Code    74  stm32f10x_usart.o(i.USART_ITConfig)
    USART_Init                               0x08002a0d   Thumb Code   210  stm32f10x_usart.o(i.USART_Init)
    USART_ReceiveData                        0x08002ae5   Thumb Code    10  stm32f10x_usart.o(i.USART_ReceiveData)
    USART_SendData                           0x08002aef   Thumb Code     8  stm32f10x_usart.o(i.USART_SendData)
    USB_LP_CAN1_RX0_IRQHandler               0x08002af9   Thumb Code   192  can.o(i.USB_LP_CAN1_RX0_IRQHandler)
    UsageFault_Handler                       0x08002bd9   Thumb Code     4  stm32f10x_it.o(i.UsageFault_Handler)
    YQRL_TRctrl                              0x08002bdd   Thumb Code   438  yq.o(i.YQRL_TRctrl)
    YQRR_TRctrl                              0x08002dad   Thumb Code   430  yq.o(i.YQRR_TRctrl)
    delay_init                               0x08002f6d   Thumb Code    50  delay.o(i.delay_init)
    delay_ms                                 0x08002fb1   Thumb Code    72  delay.o(i.delay_ms)
    feedbackSpeedPID                         0x08002ffd   Thumb Code   284  industry.o(i.feedbackSpeedPID)
    generateCheckVal                         0x08003129   Thumb Code    26  industry.o(i.generateCheckVal)
    init_pid_params                          0x08003143   Thumb Code     8  pid.o(i.init_pid_params)
    main                                     0x0800314d   Thumb Code   114  main.o(i.main)
    __aeabi_d2f                              0x080031d5   Thumb Code     0  d2f.o(x$fpl$d2f)
    _d2f                                     0x080031d5   Thumb Code    98  d2f.o(x$fpl$d2f)
    __aeabi_dadd                             0x08003239   Thumb Code     0  daddsub_clz.o(x$fpl$dadd)
    _dadd                                    0x08003239   Thumb Code   332  daddsub_clz.o(x$fpl$dadd)
    __fpl_dcmp_Inf                           0x08003389   Thumb Code    24  dcmpi.o(x$fpl$dcmpinf)
    __aeabi_ddiv                             0x080033a1   Thumb Code     0  ddiv.o(x$fpl$ddiv)
    _ddiv                                    0x080033a1   Thumb Code   552  ddiv.o(x$fpl$ddiv)
    __aeabi_cdcmpeq                          0x08003651   Thumb Code     0  deqf.o(x$fpl$deqf)
    _dcmpeq                                  0x08003651   Thumb Code   120  deqf.o(x$fpl$deqf)
    __aeabi_d2iz                             0x080036c9   Thumb Code     0  dfix.o(x$fpl$dfix)
    _dfix                                    0x080036c9   Thumb Code    94  dfix.o(x$fpl$dfix)
    __aeabi_d2uiz                            0x08003729   Thumb Code     0  dfixu.o(x$fpl$dfixu)
    _dfixu                                   0x08003729   Thumb Code    90  dfixu.o(x$fpl$dfixu)
    __aeabi_i2d                              0x08003783   Thumb Code     0  dflt_clz.o(x$fpl$dflt)
    _dflt                                    0x08003783   Thumb Code    46  dflt_clz.o(x$fpl$dflt)
    __aeabi_ui2d                             0x080037b1   Thumb Code     0  dflt_clz.o(x$fpl$dfltu)
    _dfltu                                   0x080037b1   Thumb Code    38  dflt_clz.o(x$fpl$dfltu)
    __aeabi_cdcmple                          0x080037d9   Thumb Code     0  dleqf.o(x$fpl$dleqf)
    _dcmple                                  0x080037d9   Thumb Code   120  dleqf.o(x$fpl$dleqf)
    __fpl_dcmple_InfNaN                      0x0800383b   Thumb Code     0  dleqf.o(x$fpl$dleqf)
    __aeabi_dmul                             0x08003851   Thumb Code     0  dmul.o(x$fpl$dmul)
    _dmul                                    0x08003851   Thumb Code   332  dmul.o(x$fpl$dmul)
    __fpl_dnaninf                            0x080039a5   Thumb Code   156  dnaninf.o(x$fpl$dnaninf)
    __fpl_dretinf                            0x08003a41   Thumb Code    12  dretinf.o(x$fpl$dretinf)
    __aeabi_cdrcmple                         0x08003a4d   Thumb Code     0  drleqf.o(x$fpl$drleqf)
    _drcmple                                 0x08003a4d   Thumb Code   108  drleqf.o(x$fpl$drleqf)
    __aeabi_dsub                             0x08003ab9   Thumb Code     0  daddsub_clz.o(x$fpl$dsub)
    _dsub                                    0x08003ab9   Thumb Code   464  daddsub_clz.o(x$fpl$dsub)
    __aeabi_f2d                              0x08003c8d   Thumb Code     0  f2d.o(x$fpl$f2d)
    _f2d                                     0x08003c8d   Thumb Code    86  f2d.o(x$fpl$f2d)
    __aeabi_fadd                             0x08003ce5   Thumb Code     0  faddsub_clz.o(x$fpl$fadd)
    _fadd                                    0x08003ce5   Thumb Code   196  faddsub_clz.o(x$fpl$fadd)
    __fpl_fcmp_Inf                           0x08003da9   Thumb Code    24  fcmpi.o(x$fpl$fcmpinf)
    __aeabi_fdiv                             0x08003dc1   Thumb Code     0  fdiv.o(x$fpl$fdiv)
    _fdiv                                    0x08003dc1   Thumb Code   384  fdiv.o(x$fpl$fdiv)
    __aeabi_f2iz                             0x08003f45   Thumb Code     0  ffix.o(x$fpl$ffix)
    _ffix                                    0x08003f45   Thumb Code    54  ffix.o(x$fpl$ffix)
    __aeabi_f2uiz                            0x08003f7d   Thumb Code     0  ffixu.o(x$fpl$ffixu)
    _ffixu                                   0x08003f7d   Thumb Code    62  ffixu.o(x$fpl$ffixu)
    __aeabi_i2f                              0x08003fbd   Thumb Code     0  fflt_clz.o(x$fpl$fflt)
    _fflt                                    0x08003fbd   Thumb Code    48  fflt_clz.o(x$fpl$fflt)
    __aeabi_cfcmple                          0x08003fed   Thumb Code     0  fleqf.o(x$fpl$fleqf)
    _fcmple                                  0x08003fed   Thumb Code   104  fleqf.o(x$fpl$fleqf)
    __fpl_fcmple_InfNaN                      0x0800403f   Thumb Code     0  fleqf.o(x$fpl$fleqf)
    __aeabi_fmul                             0x08004055   Thumb Code     0  fmul.o(x$fpl$fmul)
    _fmul                                    0x08004055   Thumb Code   258  fmul.o(x$fpl$fmul)
    __fpl_fnaninf                            0x08004157   Thumb Code   140  fnaninf.o(x$fpl$fnaninf)
    __fpl_fretinf                            0x080041e3   Thumb Code    10  fretinf.o(x$fpl$fretinf)
    __aeabi_cfrcmple                         0x080041ed   Thumb Code     0  frleqf.o(x$fpl$frleqf)
    _frcmple                                 0x080041ed   Thumb Code    98  frleqf.o(x$fpl$frleqf)
    __aeabi_frsub                            0x0800424f   Thumb Code     0  faddsub_clz.o(x$fpl$frsb)
    _frsb                                    0x0800424f   Thumb Code    20  faddsub_clz.o(x$fpl$frsb)
    __aeabi_fsub                             0x08004265   Thumb Code     0  faddsub_clz.o(x$fpl$fsub)
    _fsub                                    0x08004265   Thumb Code   234  faddsub_clz.o(x$fpl$fsub)
    __I$use$fp                               0x0800434e   Number         0  usenofp.o(x$fpl$usenofp)
    Region$$Table$$Base                      0x0800436c   Number         0  anon$$obj.o(Region$$Table)
    Region$$Table$$Limit                     0x0800438c   Number         0  anon$$obj.o(Region$$Table)
    SystemCoreClock                          0x20000000   Data           4  system_stm32f10x.o(.data)
    AHBPrescTable                            0x20000004   Data          16  system_stm32f10x.o(.data)
    Remoter_Rx                               0x2000002c   Data           1  remoter.o(.data)
    ADC1_RegConvertedVal                     0x20000030   Data           8  adc.o(.data)
    h_Voltage                                0x20000038   Data           4  adc.o(.data)
    h_ADC_PC1                                0x2000003c   Data           2  adc.o(.data)
    h_ADC_PC2                                0x2000003e   Data           2  adc.o(.data)
    h_ADC_PC3                                0x20000040   Data           2  adc.o(.data)
    DMS055A_Buf                              0x20000242   Data           7  dms055a.o(.data)
    DMS055A_info                             0x2000024a   Data           8  dms055a.o(.data)
    Angle                                    0x20000658   Data           4  timer.o(.data)
    Alpha                                    0x2000065c   Data           4  timer.o(.data)
    RealRPM                                  0x20000660   Data           4  timer.o(.data)
    TargetTorque                             0x20000664   Data           4  timer.o(.data)
    expectSpeed                              0x20000668   Data           4  timer.o(.data)
    g_vehicleSpeed                           0x2000066c   Data           4  timer.o(.data)
    g_seconds                                0x20000670   Data           8  timer.o(.data)
    g_timerCnt10ms                           0x20000678   Data           4  timer.o(.data)
    g_lastValidCmdTime                       0x20000680   Data           8  timer.o(.data)
    expectSpeedDir                           0x20000688   Data           1  timer.o(.data)
    expectBrakeVal                           0x2000068a   Data           2  timer.o(.data)
    g_prm2speed                              0x2000068c   Data           4  can.o(.data)
    g_expectSpeedDir                         0x20000690   Data           1  yq.o(.data)
    g_TR                                     0x20000692   Data           2  yq.o(.data)
    state                                    0x20000698   Data           1  client.o(.data)
    db_expectBrakeVal                        0x20000699   Data           1  jy01.o(.data)
    db_send_can_ok                           0x2000069a   Data           1  jy01.o(.data)
    ERR                                      0x200006a0   Data           4  pid.o(.data)
    CMD                                      0x200006a4   Data           4  pid.o(.data)
    delT                                     0x200006a8   Data           4  pid.o(.data)
    db_usart1_len                            0x200008d0   Data           1  sonic.o(.data)
    db_usart3_len                            0x200008d1   Data           1  sonic.o(.data)
    db_cmd7                                  0x200008d2   Data           1  sonic.o(.data)
    rc                                       0x200008e4   Data          21  remoter.o(.bss)
    dbus_buf                                 0x200008f9   Data          18  remoter.o(.bss)
    YQFL_info                                0x2000090c   Data          24  can.o(.bss)
    YQFR_info                                0x20000924   Data          24  can.o(.bss)
    YQRL_info                                0x2000093c   Data          24  can.o(.bss)
    YQRR_info                                0x20000954   Data          24  can.o(.bss)
    RxMessage                                0x2000096c   Data          20  can.o(.bss)
    Industry_Buf                             0x20000980   Data          11  industry.o(.bss)
    Industry_info                            0x2000098c   Data          16  industry.o(.bss)
    g_speedPID                               0x2000099c   Data          12  pid.o(.bss)
    Sonic_info                               0x200009a8   Data          30  sonic.o(.bss)
    SonicHost_Buf                            0x200009c6   Data          21  sonic.o(.bss)
    SonicClient_Buf                          0x200009db   Data          21  sonic.o(.bss)
    __libspace_start                         0x200009f0   Data          96  libspace.o(.bss)
    __temporary_stack_top$libspace           0x20000a50   Data           0  libspace.o(.bss)



==============================================================================

Memory Map of the image

  Image Entry point : 0x08000215

  Load Region LR_1 (Base: 0x08000000, Size: 0x00004c70, Max: 0xffffffff, ABSOLUTE, COMPRESSED[0x00004504])

    Execution Region ER_RO (Base: 0x08000000, Size: 0x0000438c, Max: 0xffffffff, ABSOLUTE)

    Base Addr    Size         Type   Attr      Idx    E Section Name        Object

    0x08000000   0x00000130   Data   RO          351    RESET               startup_stm32f10x_hd.o
    0x08000130   0x00000008   Code   RO         3828  * !!!main             c_w.l(__main.o)
    0x08000138   0x00000034   Code   RO         4067    !!!scatter          c_w.l(__scatter.o)
    0x0800016c   0x00000064   Code   RO         4065    !!dclz77c           c_w.l(__dclz77c.o)
    0x080001d0   0x0000001c   Code   RO         4069    !!handler_zi        c_w.l(__scatter_zi.o)
    0x080001ec   0x00000002   Code   RO         3936    .ARM.Collect$$libinit$$00000000  c_w.l(libinit.o)
    0x080001ee   0x00000000   Code   RO         3943    .ARM.Collect$$libinit$$00000002  c_w.l(libinit2.o)
    0x080001ee   0x00000000   Code   RO         3945    .ARM.Collect$$libinit$$00000004  c_w.l(libinit2.o)
    0x080001ee   0x00000000   Code   RO         3948    .ARM.Collect$$libinit$$0000000A  c_w.l(libinit2.o)
    0x080001ee   0x00000000   Code   RO         3950    .ARM.Collect$$libinit$$0000000C  c_w.l(libinit2.o)
    0x080001ee   0x00000000   Code   RO         3952    .ARM.Collect$$libinit$$0000000E  c_w.l(libinit2.o)
    0x080001ee   0x00000000   Code   RO         3955    .ARM.Collect$$libinit$$00000011  c_w.l(libinit2.o)
    0x080001ee   0x00000000   Code   RO         3957    .ARM.Collect$$libinit$$00000013  c_w.l(libinit2.o)
    0x080001ee   0x00000000   Code   RO         3959    .ARM.Collect$$libinit$$00000015  c_w.l(libinit2.o)
    0x080001ee   0x00000000   Code   RO         3961    .ARM.Collect$$libinit$$00000017  c_w.l(libinit2.o)
    0x080001ee   0x00000000   Code   RO         3963    .ARM.Collect$$libinit$$00000019  c_w.l(libinit2.o)
    0x080001ee   0x00000000   Code   RO         3965    .ARM.Collect$$libinit$$0000001B  c_w.l(libinit2.o)
    0x080001ee   0x00000000   Code   RO         3967    .ARM.Collect$$libinit$$0000001D  c_w.l(libinit2.o)
    0x080001ee   0x00000000   Code   RO         3969    .ARM.Collect$$libinit$$0000001F  c_w.l(libinit2.o)
    0x080001ee   0x00000000   Code   RO         3971    .ARM.Collect$$libinit$$00000021  c_w.l(libinit2.o)
    0x080001ee   0x00000000   Code   RO         3973    .ARM.Collect$$libinit$$00000023  c_w.l(libinit2.o)
    0x080001ee   0x00000000   Code   RO         3975    .ARM.Collect$$libinit$$00000025  c_w.l(libinit2.o)
    0x080001ee   0x00000000   Code   RO         3979    .ARM.Collect$$libinit$$0000002C  c_w.l(libinit2.o)
    0x080001ee   0x00000000   Code   RO         3981    .ARM.Collect$$libinit$$0000002E  c_w.l(libinit2.o)
    0x080001ee   0x00000000   Code   RO         3983    .ARM.Collect$$libinit$$00000030  c_w.l(libinit2.o)
    0x080001ee   0x00000000   Code   RO         3985    .ARM.Collect$$libinit$$00000032  c_w.l(libinit2.o)
    0x080001ee   0x00000002   Code   RO         3986    .ARM.Collect$$libinit$$00000033  c_w.l(libinit2.o)
    0x080001f0   0x00000002   Code   RO         4006    .ARM.Collect$$libshutdown$$00000000  c_w.l(libshutdown.o)
    0x080001f2   0x00000000   Code   RO         4020    .ARM.Collect$$libshutdown$$00000003  c_w.l(libshutdown2.o)
    0x080001f2   0x00000000   Code   RO         4023    .ARM.Collect$$libshutdown$$00000006  c_w.l(libshutdown2.o)
    0x080001f2   0x00000000   Code   RO         4026    .ARM.Collect$$libshutdown$$00000009  c_w.l(libshutdown2.o)
    0x080001f2   0x00000000   Code   RO         4028    .ARM.Collect$$libshutdown$$0000000B  c_w.l(libshutdown2.o)
    0x080001f2   0x00000000   Code   RO         4031    .ARM.Collect$$libshutdown$$0000000E  c_w.l(libshutdown2.o)
    0x080001f2   0x00000002   Code   RO         4032    .ARM.Collect$$libshutdown$$0000000F  c_w.l(libshutdown2.o)
    0x080001f4   0x00000000   Code   RO         3896    .ARM.Collect$$rtentry$$00000000  c_w.l(__rtentry.o)
    0x080001f4   0x00000000   Code   RO         3913    .ARM.Collect$$rtentry$$00000002  c_w.l(__rtentry2.o)
    0x080001f4   0x00000006   Code   RO         3925    .ARM.Collect$$rtentry$$00000004  c_w.l(__rtentry4.o)
    0x080001fa   0x00000000   Code   RO         3915    .ARM.Collect$$rtentry$$00000009  c_w.l(__rtentry2.o)
    0x080001fa   0x00000004   Code   RO         3916    .ARM.Collect$$rtentry$$0000000A  c_w.l(__rtentry2.o)
    0x080001fe   0x00000000   Code   RO         3918    .ARM.Collect$$rtentry$$0000000C  c_w.l(__rtentry2.o)
    0x080001fe   0x00000008   Code   RO         3919    .ARM.Collect$$rtentry$$0000000D  c_w.l(__rtentry2.o)
    0x08000206   0x00000002   Code   RO         3940    .ARM.Collect$$rtexit$$00000000  c_w.l(rtexit.o)
    0x08000208   0x00000000   Code   RO         3988    .ARM.Collect$$rtexit$$00000002  c_w.l(rtexit2.o)
    0x08000208   0x00000004   Code   RO         3989    .ARM.Collect$$rtexit$$00000003  c_w.l(rtexit2.o)
    0x0800020c   0x00000006   Code   RO         3990    .ARM.Collect$$rtexit$$00000004  c_w.l(rtexit2.o)
    0x08000212   0x00000002   PAD
    0x08000214   0x00000040   Code   RO          352  * .text               startup_stm32f10x_hd.o
    0x08000254   0x00000044   Code   RO         3824    .text               c_w.l(rt_memclr.o)
    0x08000298   0x00000006   Code   RO         3826    .text               c_w.l(heapauxi.o)
    0x0800029e   0x0000004e   Code   RO         3897    .text               c_w.l(rt_memclr_w.o)
    0x080002ec   0x0000004a   Code   RO         3927    .text               c_w.l(sys_stackheap_outer.o)
    0x08000336   0x0000000c   Code   RO         3929    .text               c_w.l(exit.o)
    0x08000342   0x00000002   PAD
    0x08000344   0x00000008   Code   RO         3937    .text               c_w.l(libspace.o)
    0x0800034c   0x0000000c   Code   RO         3998    .text               c_w.l(sys_exit.o)
    0x08000358   0x00000002   Code   RO         4009    .text               c_w.l(use_no_semi.o)
    0x0800035a   0x00000000   Code   RO         4011    .text               c_w.l(indicate_semi.o)
    0x0800035a   0x00000004   Code   RO          217    i.BusFault_Handler  stm32f10x_it.o
    0x0800035e   0x00000002   PAD
    0x08000360   0x000000a8   Code   RO          694    i.CAN_ClearITPendingBit  stm32f10x_can.o
    0x08000408   0x00000108   Code   RO          698    i.CAN_FilterInit    stm32f10x_can.o
    0x08000510   0x00000120   Code   RO          700    i.CAN_GetITStatus   stm32f10x_can.o
    0x08000630   0x00000012   Code   RO          704    i.CAN_ITConfig      stm32f10x_can.o
    0x08000642   0x00000114   Code   RO          705    i.CAN_Init          stm32f10x_can.o
    0x08000756   0x00000002   PAD
    0x08000758   0x00000108   Code   RO         3525    i.CAN_Mode_Init     can.o
    0x08000860   0x000000f0   Code   RO          708    i.CAN_Receive       stm32f10x_can.o
    0x08000950   0x00000126   Code   RO          713    i.CAN_Transmit      stm32f10x_can.o
    0x08000a76   0x00000002   PAD
    0x08000a78   0x000000a0   Code   RO          714    i.CAN_TransmitStatus  stm32f10x_can.o
    0x08000b18   0x00000074   Code   RO         3527    i.Can_SendExtMsg    can.o
    0x08000b8c   0x00000012   Code   RO          716    i.CheckITStatus     stm32f10x_can.o
    0x08000b9e   0x00000002   PAD
    0x08000ba0   0x00000068   Code   RO         3675    i.Client_Ctrl       client.o
    0x08000c08   0x000000b8   Code   RO         3375    i.DMA1_Channel1_IRQHandler  adc.o
    0x08000cc0   0x0000001c   Code   RO         1081    i.DMA_ClearFlag     stm32f10x_dma.o
    0x08000cdc   0x0000001c   Code   RO         1082    i.DMA_ClearITPendingBit  stm32f10x_dma.o
    0x08000cf8   0x00000018   Code   RO         1083    i.DMA_Cmd           stm32f10x_dma.o
    0x08000d10   0x00000008   Code   RO         1085    i.DMA_GetCurrDataCounter  stm32f10x_dma.o
    0x08000d18   0x0000002c   Code   RO         1087    i.DMA_GetITStatus   stm32f10x_dma.o
    0x08000d44   0x0000003c   Code   RO         1089    i.DMA_Init          stm32f10x_dma.o
    0x08000d80   0x00000004   Code   RO         1090    i.DMA_SetCurrDataCounter  stm32f10x_dma.o
    0x08000d84   0x00000038   Code   RO         3398    i.DMS055A_CRC16     dms055a.o
    0x08000dbc   0x00000110   Code   RO         3400    i.DMS055A_Init      dms055a.o
    0x08000ecc   0x00000030   Code   RO         3403    i.DMS055A_SendData  dms055a.o
    0x08000efc   0x000000e4   Code   RO         3404    i.DMS055A_SendPosition  dms055a.o
    0x08000fe0   0x00000002   Code   RO          218    i.DebugMon_Handler  stm32f10x_it.o
    0x08000fe2   0x00000116   Code   RO         1507    i.GPIO_Init         stm32f10x_gpio.o
    0x080010f8   0x00000090   Code   RO         1509    i.GPIO_PinRemapConfig  stm32f10x_gpio.o
    0x08001188   0x00000004   Code   RO         1515    i.GPIO_SetBits      stm32f10x_gpio.o
    0x0800118c   0x00000028   Code   RO         3405    i.Get_DMS055A_Data  dms055a.o
    0x080011b4   0x0000019e   Code   RO         3335    i.Get_DR16_Data     remoter.o
    0x08001352   0x00000002   PAD
    0x08001354   0x0000019c   Code   RO         3614    i.Get_Industry_Data  industry.o
    0x080014f0   0x000000c4   Code   RO         3742    i.Get_SonicData     sonic.o
    0x080015b4   0x00000068   Code   RO         3529    i.Get_YQ1_Data      can.o
    0x0800161c   0x0000002a   Code   RO         3530    i.Get_YQ2_Data      can.o
    0x08001646   0x00000004   Code   RO          219    i.HardFault_Handler  stm32f10x_it.o
    0x0800164a   0x00000002   PAD
    0x0800164c   0x00000158   Code   RO         3705    i.IncrementPIDspeedCtrl  pid.o
    0x080017a4   0x00000110   Code   RO         3615    i.Industry_Init     industry.o
    0x080018b4   0x000000cc   Code   RO         3616    i.Industry_Reply    industry.o
    0x08001980   0x00000030   Code   RO         3617    i.Industry_SendData  industry.o
    0x080019b0   0x00000060   Code   RO         3690    i.JY01_Ctrl         jy01.o
    0x08001a10   0x00000038   Code   RO         3323    i.LED_Init          led.o
    0x08001a48   0x00000004   Code   RO          220    i.MemManage_Handler  stm32f10x_it.o
    0x08001a4c   0x00000002   Code   RO          221    i.NMI_Handler       stm32f10x_it.o
    0x08001a4e   0x00000002   PAD
    0x08001a50   0x00000070   Code   RO          356    i.NVIC_Init         misc.o
    0x08001ac0   0x00000014   Code   RO          357    i.NVIC_PriorityGroupConfig  misc.o
    0x08001ad4   0x00000002   Code   RO          222    i.PendSV_Handler    stm32f10x_it.o
    0x08001ad6   0x00000002   PAD
    0x08001ad8   0x00000020   Code   RO         1922    i.RCC_AHBPeriphClockCmd  stm32f10x_rcc.o
    0x08001af8   0x00000020   Code   RO         1923    i.RCC_APB1PeriphClockCmd  stm32f10x_rcc.o
    0x08001b18   0x00000020   Code   RO         1925    i.RCC_APB2PeriphClockCmd  stm32f10x_rcc.o
    0x08001b38   0x000000d4   Code   RO         1933    i.RCC_GetClocksFreq  stm32f10x_rcc.o
    0x08001c0c   0x000000d0   Code   RO         3336    i.Remoter_Uart_Init  remoter.o
    0x08001cdc   0x00000002   Code   RO          223    i.SVC_Handler       stm32f10x_it.o
    0x08001cde   0x00000008   Code   RO          161    i.SetSysClock       system_stm32f10x.o
    0x08001ce6   0x00000002   PAD
    0x08001ce8   0x000000e0   Code   RO          162    i.SetSysClockTo72   system_stm32f10x.o
    0x08001dc8   0x00000038   Code   RO         3744    i.Sonic_CRC16       sonic.o
    0x08001e00   0x00000204   Code   RO         3745    i.Sonic_Init        sonic.o
    0x08002004   0x00000010   Code   RO         3748    i.Sonic_SendHostCmd  sonic.o
    0x08002014   0x00000030   Code   RO         3749    i.Sonic_SendHostData  sonic.o
    0x08002044   0x00000028   Code   RO          360    i.SysTick_CLKSourceConfig  misc.o
    0x0800206c   0x00000002   Code   RO          224    i.SysTick_Handler   stm32f10x_it.o
    0x0800206e   0x00000002   PAD
    0x08002070   0x00000060   Code   RO          164    i.SystemInit        system_stm32f10x.o
    0x080020d0   0x000004e4   Code   RO         3464    i.TIM7_IRQHandler   timer.o
    0x080025b4   0x00000068   Code   RO         3465    i.TIM7_Init         timer.o
    0x0800261c   0x00000006   Code   RO         2551    i.TIM_ClearFlag     stm32f10x_tim.o
    0x08002622   0x00000006   Code   RO         2552    i.TIM_ClearITPendingBit  stm32f10x_tim.o
    0x08002628   0x00000018   Code   RO         2557    i.TIM_Cmd           stm32f10x_tim.o
    0x08002640   0x00000022   Code   RO         2578    i.TIM_GetITStatus   stm32f10x_tim.o
    0x08002662   0x00000012   Code   RO         2582    i.TIM_ITConfig      stm32f10x_tim.o
    0x08002674   0x000000a4   Code   RO         2628    i.TIM_TimeBaseInit  stm32f10x_tim.o
    0x08002718   0x0000004c   Code   RO         3406    i.UART4_IRQHandler  dms055a.o
    0x08002764   0x0000006c   Code   RO         3338    i.UART5_IRQHandler  remoter.o
    0x080027d0   0x00000068   Code   RO         3750    i.USART1_IRQHandler  sonic.o
    0x08002838   0x00000058   Code   RO         3618    i.USART2_IRQHandler  industry.o
    0x08002890   0x00000068   Code   RO         3751    i.USART3_IRQHandler  sonic.o
    0x080028f8   0x00000012   Code   RO         3089    i.USART_ClearFlag   stm32f10x_usart.o
    0x0800290a   0x0000001e   Code   RO         3090    i.USART_ClearITPendingBit  stm32f10x_usart.o
    0x08002928   0x00000018   Code   RO         3093    i.USART_Cmd         stm32f10x_usart.o
    0x08002940   0x00000012   Code   RO         3094    i.USART_DMACmd      stm32f10x_usart.o
    0x08002952   0x0000001a   Code   RO         3096    i.USART_GetFlagStatus  stm32f10x_usart.o
    0x0800296c   0x00000054   Code   RO         3097    i.USART_GetITStatus  stm32f10x_usart.o
    0x080029c0   0x0000004a   Code   RO         3099    i.USART_ITConfig    stm32f10x_usart.o
    0x08002a0a   0x00000002   PAD
    0x08002a0c   0x000000d8   Code   RO         3100    i.USART_Init        stm32f10x_usart.o
    0x08002ae4   0x0000000a   Code   RO         3107    i.USART_ReceiveData  stm32f10x_usart.o
    0x08002aee   0x00000008   Code   RO         3110    i.USART_SendData    stm32f10x_usart.o
    0x08002af6   0x00000002   PAD
    0x08002af8   0x000000e0   Code   RO         3531    i.USB_LP_CAN1_RX0_IRQHandler  can.o
    0x08002bd8   0x00000004   Code   RO          225    i.UsageFault_Handler  stm32f10x_it.o
    0x08002bdc   0x000001d0   Code   RO         3582    i.YQRL_TRctrl       yq.o
    0x08002dac   0x000001c0   Code   RO         3583    i.YQRR_TRctrl       yq.o
    0x08002f6c   0x00000044   Code   RO          284    i.delay_init        delay.o
    0x08002fb0   0x0000004c   Code   RO          285    i.delay_ms          delay.o
    0x08002ffc   0x0000012c   Code   RO         3619    i.feedbackSpeedPID  industry.o
    0x08003128   0x0000001a   Code   RO         3620    i.generateCheckVal  industry.o
    0x08003142   0x00000008   Code   RO         3708    i.init_pid_params   pid.o
    0x0800314a   0x00000002   PAD
    0x0800314c   0x00000088   Code   RO            1    i.main              main.o
    0x080031d4   0x00000062   Code   RO         3830    x$fpl$d2f           fz_ws.l(d2f.o)
    0x08003236   0x00000002   PAD
    0x08003238   0x00000150   Code   RO         3832    x$fpl$dadd          fz_ws.l(daddsub_clz.o)
    0x08003388   0x00000018   Code   RO         3899    x$fpl$dcmpinf       fz_ws.l(dcmpi.o)
    0x080033a0   0x000002b0   Code   RO         3839    x$fpl$ddiv          fz_ws.l(ddiv.o)
    0x08003650   0x00000078   Code   RO         3842    x$fpl$deqf          fz_ws.l(deqf.o)
    0x080036c8   0x0000005e   Code   RO         3844    x$fpl$dfix          fz_ws.l(dfix.o)
    0x08003726   0x00000002   PAD
    0x08003728   0x0000005a   Code   RO         3848    x$fpl$dfixu         fz_ws.l(dfixu.o)
    0x08003782   0x0000002e   Code   RO         3853    x$fpl$dflt          fz_ws.l(dflt_clz.o)
    0x080037b0   0x00000026   Code   RO         3852    x$fpl$dfltu         fz_ws.l(dflt_clz.o)
    0x080037d6   0x00000002   PAD
    0x080037d8   0x00000078   Code   RO         3858    x$fpl$dleqf         fz_ws.l(dleqf.o)
    0x08003850   0x00000154   Code   RO         3860    x$fpl$dmul          fz_ws.l(dmul.o)
    0x080039a4   0x0000009c   Code   RO         3901    x$fpl$dnaninf       fz_ws.l(dnaninf.o)
    0x08003a40   0x0000000c   Code   RO         3903    x$fpl$dretinf       fz_ws.l(dretinf.o)
    0x08003a4c   0x0000006c   Code   RO         3862    x$fpl$drleqf        fz_ws.l(drleqf.o)
    0x08003ab8   0x000001d4   Code   RO         3834    x$fpl$dsub          fz_ws.l(daddsub_clz.o)
    0x08003c8c   0x00000056   Code   RO         3864    x$fpl$f2d           fz_ws.l(f2d.o)
    0x08003ce2   0x00000002   PAD
    0x08003ce4   0x000000c4   Code   RO         3866    x$fpl$fadd          fz_ws.l(faddsub_clz.o)
    0x08003da8   0x00000018   Code   RO         3905    x$fpl$fcmpinf       fz_ws.l(fcmpi.o)
    0x08003dc0   0x00000184   Code   RO         3873    x$fpl$fdiv          fz_ws.l(fdiv.o)
    0x08003f44   0x00000036   Code   RO         3876    x$fpl$ffix          fz_ws.l(ffix.o)
    0x08003f7a   0x00000002   PAD
    0x08003f7c   0x0000003e   Code   RO         3880    x$fpl$ffixu         fz_ws.l(ffixu.o)
    0x08003fba   0x00000002   PAD
    0x08003fbc   0x00000030   Code   RO         3885    x$fpl$fflt          fz_ws.l(fflt_clz.o)
    0x08003fec   0x00000068   Code   RO         3890    x$fpl$fleqf         fz_ws.l(fleqf.o)
    0x08004054   0x00000102   Code   RO         3892    x$fpl$fmul          fz_ws.l(fmul.o)
    0x08004156   0x0000008c   Code   RO         3907    x$fpl$fnaninf       fz_ws.l(fnaninf.o)
    0x080041e2   0x0000000a   Code   RO         3909    x$fpl$fretinf       fz_ws.l(fretinf.o)
    0x080041ec   0x00000062   Code   RO         3894    x$fpl$frleqf        fz_ws.l(frleqf.o)
    0x0800424e   0x00000014   Code   RO         3867    x$fpl$frsb          fz_ws.l(faddsub_clz.o)
    0x08004262   0x00000002   PAD
    0x08004264   0x000000ea   Code   RO         3868    x$fpl$fsub          fz_ws.l(faddsub_clz.o)
    0x0800434e   0x00000000   Code   RO         3911    x$fpl$usenofp       fz_ws.l(usenofp.o)
    0x0800434e   0x00000002   PAD
    0x08004350   0x0000001a   Data   RO         3622    .constdata          industry.o
    0x0800436a   0x00000002   PAD
    0x0800436c   0x00000020   Data   RO         4063    Region$$Table       anon$$obj.o


    Execution Region ER_RW (Base: 0x20000000, Size: 0x000008e4, Max: 0xffffffff, ABSOLUTE, COMPRESSED[0x00000178])

    Base Addr    Size         Type   Attr      Idx    E Section Name        Object

    0x20000000   0x00000014   Data   RW          165    .data               system_stm32f10x.o
    0x20000014   0x00000004   Data   RW          287    .data               delay.o
    0x20000018   0x00000014   Data   RW         1953    .data               stm32f10x_rcc.o
    0x2000002c   0x00000001   Data   RW         3340    .data               remoter.o
    0x2000002d   0x00000003   PAD
    0x20000030   0x00000012   Data   RW         3376    .data               adc.o
    0x20000042   0x00000210   Data   RW         3407    .data               dms055a.o
    0x20000252   0x00000006   PAD
    0x20000258   0x00000434   Data   RW         3467    .data               timer.o
    0x2000068c   0x00000004   Data   RW         3533    .data               can.o
    0x20000690   0x00000008   Data   RW         3584    .data               yq.o
    0x20000698   0x00000001   Data   RW         3676    .data               client.o
    0x20000699   0x00000002   Data   RW         3691    .data               jy01.o
    0x2000069b   0x00000005   PAD
    0x200006a0   0x00000030   Data   RW         3710    .data               pid.o
    0x200006d0   0x00000213   Data   RW         3753    .data               sonic.o


    Execution Region ER_ZI (Base: 0x200008e4, Size: 0x0000076c, Max: 0xffffffff, ABSOLUTE)

    Base Addr    Size         Type   Attr      Idx    E Section Name        Object

    0x200008e4   0x00000027   Zero   RW         3339    .bss                remoter.o
    0x2000090b   0x00000001   PAD
    0x2000090c   0x00000074   Zero   RW         3532    .bss                can.o
    0x20000980   0x0000001c   Zero   RW         3621    .bss                industry.o
    0x2000099c   0x0000000c   Zero   RW         3709    .bss                pid.o
    0x200009a8   0x00000048   Zero   RW         3752    .bss                sonic.o
    0x200009f0   0x00000060   Zero   RW         3938    .bss                c_w.l(libspace.o)
    0x20000a50   0x00000200   Zero   RW          350    HEAP                startup_stm32f10x_hd.o
    0x20000c50   0x00000400   Zero   RW          349    STACK               startup_stm32f10x_hd.o


==============================================================================

Image component sizes


      Code (inc. data)   RO Data    RW Data    ZI Data      Debug   Object Name

       184         30          0         18          0       1274   adc.o
       750         52          0          4        116       5212   can.o
       104         10          0          1          0        958   client.o
       144         22          0          4          0       1188   delay.o
       720         70          0        528          0       5234   dms055a.o
      1350        102         26          0         28       6144   industry.o
        96         12          0          2          0       1079   jy01.o
        56          6          0          0          0        495   led.o
       136         22          0          0          0     272659   main.o
       172         22          0          0          0       2061   misc.o
       352         42          0         48         12       3370   pid.o
       730         30          0          1         39       3572   remoter.o
      1040         86          0        531         72       6405   sonic.o
        64         26        304          0       1536        808   startup_stm32f10x_hd.o
      1726         38          0          0          0       7031   stm32f10x_can.o
       196         28          0          0          0       5533   stm32f10x_dma.o
       426          6          0          0          0       3313   stm32f10x_gpio.o
        26          0          0          0          0       3714   stm32f10x_it.o
       308         38          0         20          0       5014   stm32f10x_rcc.o
       252         42          0          0          0       4078   stm32f10x_tim.o
       508          6          0          0          0       7904   stm32f10x_usart.o
         0          0          0          0          0         32   sys.o
       328         28          0         20          0       2097   system_stm32f10x.o
      1356        160          0       1076          0       2297   timer.o
       912         44          0          8          0       2360   yq.o

    ----------------------------------------------------------------------
     11962        922        364       2276       1804     353832   Object Totals
         0          0         32          0          0          0   (incl. Generated)
        26          0          2         15          1          0   (incl. Padding)

    ----------------------------------------------------------------------

      Code (inc. data)   RO Data    RW Data    ZI Data      Debug   Library Member Name

       100          0          0          0          0          0   __dclz77c.o
         8          0          0          0          0         68   __main.o
         0          0          0          0          0          0   __rtentry.o
        12          0          0          0          0          0   __rtentry2.o
         6          0          0          0          0          0   __rtentry4.o
        52          8          0          0          0          0   __scatter.o
        28          0          0          0          0          0   __scatter_zi.o
        12          0          0          0          0         72   exit.o
         6          0          0          0          0        152   heapauxi.o
         0          0          0          0          0          0   indicate_semi.o
         2          0          0          0          0          0   libinit.o
         2          0          0          0          0          0   libinit2.o
         2          0          0          0          0          0   libshutdown.o
         2          0          0          0          0          0   libshutdown2.o
         8          4          0          0         96         68   libspace.o
        68          0          0          0          0         68   rt_memclr.o
        78          0          0          0          0         80   rt_memclr_w.o
         2          0          0          0          0          0   rtexit.o
        10          0          0          0          0          0   rtexit2.o
        12          4          0          0          0         68   sys_exit.o
        74          0          0          0          0         80   sys_stackheap_outer.o
         2          0          0          0          0         68   use_no_semi.o
        98          4          0          0          0         92   d2f.o
       804         16          0          0          0        272   daddsub_clz.o
        24          0          0          0          0         68   dcmpi.o
       688        140          0          0          0        208   ddiv.o
       120          4          0          0          0         92   deqf.o
        94          4          0          0          0         92   dfix.o
        90          4          0          0          0         92   dfixu.o
        84          0          0          0          0        136   dflt_clz.o
       120          4          0          0          0         92   dleqf.o
       340         12          0          0          0        104   dmul.o
       156          4          0          0          0         92   dnaninf.o
        12          0          0          0          0         68   dretinf.o
       108          0          0          0          0         80   drleqf.o
        86          4          0          0          0         84   f2d.o
       450          8          0          0          0        236   faddsub_clz.o
        24          0          0          0          0         68   fcmpi.o
       388         76          0          0          0         96   fdiv.o
        54          4          0          0          0         84   ffix.o
        62          4          0          0          0         84   ffixu.o
        48          0          0          0          0         68   fflt_clz.o
       104          4          0          0          0         84   fleqf.o
       258          4          0          0          0         84   fmul.o
       140          4          0          0          0         84   fnaninf.o
        10          0          0          0          0         68   fretinf.o
        98          0          0          0          0         68   frleqf.o
         0          0          0          0          0          0   usenofp.o

    ----------------------------------------------------------------------
      4966        316          0          0         96       3320   Library Totals
        20          0          0          0          0          0   (incl. Padding)

    ----------------------------------------------------------------------

      Code (inc. data)   RO Data    RW Data    ZI Data      Debug   Library Name

       486         16          0          0         96        724   c_w.l
      4460        300          0          0          0       2596   fz_ws.l

    ----------------------------------------------------------------------
      4966        316          0          0         96       3320   Library Totals

    ----------------------------------------------------------------------

==============================================================================


      Code (inc. data)   RO Data    RW Data    ZI Data      Debug   

     16928       1238        364       2276       1900     350648   Grand Totals
     16928       1238        364        376       1900     350648   ELF Image Totals (compressed)
     16928       1238        364        376          0          0   ROM Totals

==============================================================================

    Total RO  Size (Code + RO Data)                17292 (  16.89kB)
    Total RW  Size (RW Data + ZI Data)              4176 (   4.08kB)
    Total ROM Size (Code + RO Data + RW Data)      17668 (  17.25kB)

==============================================================================

